Archive member included to satisfy reference by file (symbol)

C:/ST/STM32CubeIDE_1.13.0/STM32CubeIDE/plugins/com.st.stm32cube.ide.mcu.externaltools.gnu-tools-for-stm32.11.3.rel1.win32_1.1.0.202305231506/tools/bin/../lib/gcc/arm-none-eabi/11.3.1/../../../../arm-none-eabi/lib/thumb/v7-m/nofp\libc_nano.a(libc_a-exit.o)
                              C:/ST/STM32CubeIDE_1.13.0/STM32CubeIDE/plugins/com.st.stm32cube.ide.mcu.externaltools.gnu-tools-for-stm32.11.3.rel1.win32_1.1.0.202305231506/tools/bin/../lib/gcc/arm-none-eabi/11.3.1/../../../../arm-none-eabi/lib/thumb/v7-m/nofp/crt0.o (exit)
C:/ST/STM32CubeIDE_1.13.0/STM32CubeIDE/plugins/com.st.stm32cube.ide.mcu.externaltools.gnu-tools-for-stm32.11.3.rel1.win32_1.1.0.202305231506/tools/bin/../lib/gcc/arm-none-eabi/11.3.1/../../../../arm-none-eabi/lib/thumb/v7-m/nofp\libc_nano.a(libc_a-findfp.o)
                              C:/ST/STM32CubeIDE_1.13.0/STM32CubeIDE/plugins/com.st.stm32cube.ide.mcu.externaltools.gnu-tools-for-stm32.11.3.rel1.win32_1.1.0.202305231506/tools/bin/../lib/gcc/arm-none-eabi/11.3.1/../../../../arm-none-eabi/lib/thumb/v7-m/nofp\libc_nano.a(libc_a-exit.o) (__stdio_exit_handler)
C:/ST/STM32CubeIDE_1.13.0/STM32CubeIDE/plugins/com.st.stm32cube.ide.mcu.externaltools.gnu-tools-for-stm32.11.3.rel1.win32_1.1.0.202305231506/tools/bin/../lib/gcc/arm-none-eabi/11.3.1/../../../../arm-none-eabi/lib/thumb/v7-m/nofp\libc_nano.a(libc_a-fwalk.o)
                              C:/ST/STM32CubeIDE_1.13.0/STM32CubeIDE/plugins/com.st.stm32cube.ide.mcu.externaltools.gnu-tools-for-stm32.11.3.rel1.win32_1.1.0.202305231506/tools/bin/../lib/gcc/arm-none-eabi/11.3.1/../../../../arm-none-eabi/lib/thumb/v7-m/nofp\libc_nano.a(libc_a-findfp.o) (_fwalk_sglue)
C:/ST/STM32CubeIDE_1.13.0/STM32CubeIDE/plugins/com.st.stm32cube.ide.mcu.externaltools.gnu-tools-for-stm32.11.3.rel1.win32_1.1.0.202305231506/tools/bin/../lib/gcc/arm-none-eabi/11.3.1/../../../../arm-none-eabi/lib/thumb/v7-m/nofp\libc_nano.a(libc_a-sprintf.o)
                              ./Core/Src/main.o (sprintf)
C:/ST/STM32CubeIDE_1.13.0/STM32CubeIDE/plugins/com.st.stm32cube.ide.mcu.externaltools.gnu-tools-for-stm32.11.3.rel1.win32_1.1.0.202305231506/tools/bin/../lib/gcc/arm-none-eabi/11.3.1/../../../../arm-none-eabi/lib/thumb/v7-m/nofp\libc_nano.a(libc_a-sscanf.o)
                              ./Core/Src/main.o (sscanf)
C:/ST/STM32CubeIDE_1.13.0/STM32CubeIDE/plugins/com.st.stm32cube.ide.mcu.externaltools.gnu-tools-for-stm32.11.3.rel1.win32_1.1.0.202305231506/tools/bin/../lib/gcc/arm-none-eabi/11.3.1/../../../../arm-none-eabi/lib/thumb/v7-m/nofp\libc_nano.a(libc_a-stdio.o)
                              C:/ST/STM32CubeIDE_1.13.0/STM32CubeIDE/plugins/com.st.stm32cube.ide.mcu.externaltools.gnu-tools-for-stm32.11.3.rel1.win32_1.1.0.202305231506/tools/bin/../lib/gcc/arm-none-eabi/11.3.1/../../../../arm-none-eabi/lib/thumb/v7-m/nofp\libc_nano.a(libc_a-findfp.o) (__sread)
C:/ST/STM32CubeIDE_1.13.0/STM32CubeIDE/plugins/com.st.stm32cube.ide.mcu.externaltools.gnu-tools-for-stm32.11.3.rel1.win32_1.1.0.202305231506/tools/bin/../lib/gcc/arm-none-eabi/11.3.1/../../../../arm-none-eabi/lib/thumb/v7-m/nofp\libc_nano.a(libc_a-memset.o)
                              C:/ST/STM32CubeIDE_1.13.0/STM32CubeIDE/plugins/com.st.stm32cube.ide.mcu.externaltools.gnu-tools-for-stm32.11.3.rel1.win32_1.1.0.202305231506/tools/bin/../lib/gcc/arm-none-eabi/11.3.1/../../../../arm-none-eabi/lib/thumb/v7-m/nofp/crt0.o (memset)
C:/ST/STM32CubeIDE_1.13.0/STM32CubeIDE/plugins/com.st.stm32cube.ide.mcu.externaltools.gnu-tools-for-stm32.11.3.rel1.win32_1.1.0.202305231506/tools/bin/../lib/gcc/arm-none-eabi/11.3.1/../../../../arm-none-eabi/lib/thumb/v7-m/nofp\libc_nano.a(libc_a-closer.o)
                              C:/ST/STM32CubeIDE_1.13.0/STM32CubeIDE/plugins/com.st.stm32cube.ide.mcu.externaltools.gnu-tools-for-stm32.11.3.rel1.win32_1.1.0.202305231506/tools/bin/../lib/gcc/arm-none-eabi/11.3.1/../../../../arm-none-eabi/lib/thumb/v7-m/nofp\libc_nano.a(libc_a-stdio.o) (_close_r)
C:/ST/STM32CubeIDE_1.13.0/STM32CubeIDE/plugins/com.st.stm32cube.ide.mcu.externaltools.gnu-tools-for-stm32.11.3.rel1.win32_1.1.0.202305231506/tools/bin/../lib/gcc/arm-none-eabi/11.3.1/../../../../arm-none-eabi/lib/thumb/v7-m/nofp\libc_nano.a(libc_a-reent.o)
                              C:/ST/STM32CubeIDE_1.13.0/STM32CubeIDE/plugins/com.st.stm32cube.ide.mcu.externaltools.gnu-tools-for-stm32.11.3.rel1.win32_1.1.0.202305231506/tools/bin/../lib/gcc/arm-none-eabi/11.3.1/../../../../arm-none-eabi/lib/thumb/v7-m/nofp\libc_nano.a(libc_a-closer.o) (errno)
C:/ST/STM32CubeIDE_1.13.0/STM32CubeIDE/plugins/com.st.stm32cube.ide.mcu.externaltools.gnu-tools-for-stm32.11.3.rel1.win32_1.1.0.202305231506/tools/bin/../lib/gcc/arm-none-eabi/11.3.1/../../../../arm-none-eabi/lib/thumb/v7-m/nofp\libc_nano.a(libc_a-impure.o)
[...]
Memory Configuration

Name             Origin             Length             Attributes
RAM              0x0000000020000000 0x0000000000005000 xrw
FLASH            0x0000000008000000 0x0000000000010000 xr
*default*        0x0000000000000000 0xffffffffffffffff

Linker script and memory map

LOAD C:/ST/STM32CubeIDE_1.13.0/STM32CubeIDE/plugins/com.st.stm32cube.ide.mcu.externaltools.gnu-tools-for-stm32.11.3.rel1.win32_1.1.0.202305231506/tools/bin/../lib/gcc/arm-none-eabi/11.3.1/thumb/v7-m/nofp/crti.o
LOAD C:/ST/STM32CubeIDE_1.13.0/STM32CubeIDE/plugins/com.st.stm32cube.ide.mcu.externaltools.gnu-tools-for-stm32.11.3.rel1.win32_1.1.0.202305231506/tools/bin/../lib/gcc/arm-none-eabi/11.3.1/thumb/v7-m/nofp/crtbegin.o
LOAD C:/ST/STM32CubeIDE_1.13.0/STM32CubeIDE/plugins/com.st.stm32cube.ide.mcu.externaltools.gnu-tools-for-stm32.11.3.rel1.win32_1.1.0.202305231506/tools/bin/../lib/gcc/arm-none-eabi/11.3.1/../../../../arm-none-eabi/lib/thumb/v7-m/nofp/crt0.o
LOAD ./Core/Src/main.o
LOAD ./Core/Src/stm32f1xx_hal_msp.o
LOAD ./Core/Src/stm32f1xx_it.o
LOAD ./Core/Src/syscalls.o
LOAD ./Core/Src/sysmem.o
LOAD ./Core/Src/system_stm32f1xx.o
LOAD ./Core/Startup/startup_stm32f103c8tx.o
LOAD ./Drivers/STM32F1xx_HAL_Driver/Src/stm32f1xx_hal.o
LOAD ./Drivers/STM32F1xx_HAL_Driver/Src/stm32f1xx_hal_adc.o
LOAD ./Drivers/STM32F1xx_HAL_Driver/Src/stm32f1xx_hal_adc_ex.o
LOAD ./Drivers/STM32F1xx_HAL_Driver/Src/stm32f1xx_hal_cortex.o
LOAD ./Drivers/STM32F1xx_HAL_Driver/Src/stm32f1xx_hal_dma.o
LOAD ./Drivers/STM32F1xx_HAL_Driver/Src/stm32f1xx_hal_exti.o
LOAD ./Drivers/STM32F1xx_HAL_Driver/Src/stm32f1xx_hal_flash.o
LOAD ./Drivers/STM32F1xx_HAL_Driver/Src/stm32f1xx_hal_flash_ex.o
LOAD ./Drivers/STM32F1xx_HAL_Driver/Src/stm32f1xx_hal_gpio.o
LOAD ./Drivers/STM32F1xx_HAL_Driver/Src/stm32f1xx_hal_gpio_ex.o
LOAD ./Drivers/STM32F1xx_HAL_Driver/Src/stm32f1xx_hal_i2c.o
LOAD ./Drivers/STM32F1xx_HAL_Driver/Src/stm32f1xx_hal_pwr.o
LOAD ./Drivers/STM32F1xx_HAL_Driver/Src/stm32f1xx_hal_rcc.o
LOAD ./Drivers/STM32F1xx_HAL_Driver/Src/stm32f1xx_hal_rcc_ex.o
LOAD ./Drivers/STM32F1xx_HAL_Driver/Src/stm32f1xx_hal_tim.o
LOAD ./Drivers/STM32F1xx_HAL_Driver/Src/stm32f1xx_hal_tim_ex.o
LOAD ./Drivers/STM32F1xx_HAL_Driver/Src/stm32f1xx_hal_uart.o
LOAD ./LCD/Src/LCD.o
START GROUP
LOAD C:/ST/STM32CubeIDE_1.13.0/STM32CubeIDE/plugins/com.st.stm32cube.ide.mcu.externaltools.gnu-tools-for-stm32.11.3.rel1.win32_1.1.0.202305231506/tools/bin/../lib/gcc/arm-none-eabi/11.3.1/../../../../arm-none-eabi/lib/thumb/v7-m/nofp\libc_nano.a
LOAD C:/ST/STM32CubeIDE_1.13.0/STM32CubeIDE/plugins/com.st.stm32cube.ide.mcu.externaltools.gnu-tools-for-stm32.11.3.rel1.win32_1.1.0.202305231506/tools/bin/../lib/gcc/arm-none-eabi/11.3.1/../../../../arm-none-eabi/lib/thumb/v7-m/nofp\libm.a
END GROUP
START GROUP
LOAD C:/ST/STM32CubeIDE_1.13.0/STM32CubeIDE/plugins/com.st.stm32cube.ide.mcu.externaltools.gnu-tools-for-stm32.11.3.rel1.win32_1.1.0.202305231506/tools/bin/../lib/gcc/arm-none-eabi/11.3.1/thumb/v7-m/nofp\libgcc.a
LOAD C:/ST/STM32CubeIDE_1.13.0/STM32CubeIDE/plugins/com.st.stm32cube.ide.mcu.externaltools.gnu-tools-for-stm32.11.3.rel1.win32_1.1.0.202305231506/tools/bin/../lib/gcc/arm-none-eabi/11.3.1/../../../../arm-none-eabi/lib/thumb/v7-m/nofp\libc_nano.a
END GROUP
START GROUP
LOAD C:/ST/STM32CubeIDE_1.13.0/STM32CubeIDE/plugins/com.st.stm32cube.ide.mcu.externaltools.gnu-tools-for-stm32.11.3.rel1.win32_1.1.0.202305231506/tools/bin/../lib/gcc/arm-none-eabi/11.3.1/thumb/v7-m/nofp\libgcc.a
LOAD C:/ST/STM32CubeIDE_1.13.0/STM32CubeIDE/plugins/com.st.stm32cube.ide.mcu.externaltools.gnu-tools-for-stm32.11.3.rel1.win32_1.1.0.202305231506/tools/bin/../lib/gcc/arm-none-eabi/11.3.1/../../../../arm-none-eabi/lib/thumb/v7-m/nofp\libc_nano.a
LOAD C:/ST/STM32CubeIDE_1.13.0/STM32CubeIDE/plugins/com.st.stm32cube.ide.mcu.externaltools.gnu-tools-for-stm32.11.3.rel1.win32_1.1.0.202305231506/tools/bin/../lib/gcc/arm-none-eabi/11.3.1/../../../../arm-none-eabi/lib/thumb/v7-m/nofp\libnosys.a
END GROUP
START GROUP
LOAD C:/ST/STM32CubeIDE_1.13.0/STM32CubeIDE/plugins/com.st.stm32cube.ide.mcu.externaltools.gnu-tools-for-stm32.11.3.rel1.win32_1.1.0.202305231506/tools/bin/../lib/gcc/arm-none-eabi/11.3.1/thumb/v7-m/nofp\libgcc.a
LOAD C:/ST/STM32CubeIDE_1.13.0/STM32CubeIDE/plugins/com.st.stm32cube.ide.mcu.externaltools.gnu-tools-for-stm32.11.3.rel1.win32_1.1.0.202305231506/tools/bin/../lib/gcc/arm-none-eabi/11.3.1/../../../../arm-none-eabi/lib/thumb/v7-m/nofp\libc_nano.a
LOAD C:/ST/STM32CubeIDE_1.13.0/STM32CubeIDE/plugins/com.st.stm32cube.ide.mcu.externaltools.gnu-tools-for-stm32.11.3.rel1.win32_1.1.0.202305231506/tools/bin/../lib/gcc/arm-none-eabi/11.3.1/../../../../arm-none-eabi/lib/thumb/v7-m/nofp\libnosys.a
END GROUP
LOAD C:/ST/STM32CubeIDE_1.13.0/STM32CubeIDE/plugins/com.st.stm32cube.ide.mcu.externaltools.gnu-tools-for-stm32.11.3.rel1.win32_1.1.0.202305231506/tools/bin/../lib/gcc/arm-none-eabi/11.3.1/thumb/v7-m/nofp/crtend.o
LOAD C:/ST/STM32CubeIDE_1.13.0/STM32CubeIDE/plugins/com.st.stm32cube.ide.mcu.externaltools.gnu-tools-for-stm32.11.3.rel1.win32_1.1.0.202305231506/tools/bin/../lib/gcc/arm-none-eabi/11.3.1/thumb/v7-m/nofp/crtn.o
                0x0000000020005000                _estack = (ORIGIN (RAM) + LENGTH (RAM))
                0x0000000000000200                _Min_Heap_Size = 0x200
                0x0000000000000c00                _Min_Stack_Size = 0xc00

.isr_vector     0x0000000008000000      0x10c
                0x0000000008000000                . = ALIGN (0x4)
 *(.isr_vector)
 .isr_vector    0x0000000008000000      0x10c ./Core/Startup/startup_stm32f103c8tx.o
                0x0000000008000000                g_pfnVectors
                0x000000000800010c                . = ALIGN (0x4)

.text           0x000000000800010c     0xa4d8
                0x000000000800010c                . = ALIGN (0x4)
 *(.text)
 .text          0x000000000800010c       0x40 C:/ST/STM32CubeIDE_1.13.0/STM32CubeIDE/plugins/com.st.stm32cube.ide.mcu.externaltools.gnu-tools-for-stm32.11.3.rel1.win32_1.1.0.202305231506/tools/bin/../lib/gcc/arm-none-eabi/11.3.1/thumb/v7-m/nofp/crtbegin.o
 .text          0x000000000800014c       0x14 C:/ST/STM32CubeIDE_1.13.0/STM32CubeIDE/plugins/com.st.stm32cube.ide.mcu.externaltools.gnu-tools-for-stm32.11.3.rel1.win32_1.1.0.202305231506/tools/bin/../lib/gcc/arm-none-eabi/11.3.1/../../../../arm-none-eabi/lib/thumb/v7-m/nofp\libc_nano.a(libc_a-strcmp.o)
                0x000000000800014c                strcmp
 .text          0x0000000008000160       0x10 C:/ST/STM32CubeIDE_1.13.0/STM32CubeIDE/plugins/com.st.stm32cube.ide.mcu.externaltools.gnu-tools-for-stm32.11.3.rel1.win32_1.1.0.202305231506/tools/bin/../lib/gcc/arm-none-eabi/11.3.1/../../../../arm-none-eabi/lib/thumb/v7-m/nofp\libc_nano.a(libc_a-strlen.o)
                0x0000000008000160                strlen
 *(.text*)
 .text.arr_to_int1
                0x0000000008000170       0xc0 ./Core/Src/main.o
                0x0000000008000170                arr_to_int1
 .text.limit_two_digit
                0x0000000008000230       0x38 ./Core/Src/main.o
                0x0000000008000230                limit_two_digit
 .text.check_buffer_RX
                0x0000000008000268       0x3c ./Core/Src/main.o
                0x0000000008000268                check_buffer_RX
 .text.compare_n_char
                0x00000000080002a4       0x7c ./Core/Src/main.o
                0x00000000080002a4                compare_n_char
 .text.send_data_to_server
                0x0000000008000320      0x558 ./Core/Src/main.o
                0x0000000008000320                send_data_to_server
 .text.init_sim
                0x0000000008000878      0x474 ./Core/Src/main.o
                0x0000000008000878                init_sim
 .text.update   0x0000000008000cec      0x2b0 ./Core/Src/main.o
                0x0000000008000cec                update
 .text.update_lcd
                0x0000000008000f9c      0xa50 ./Core/Src/main.o
                0x0000000008000f9c                update_lcd
 .text.main     0x00000000080019ec      0x19c ./Core/Src/main.o
                0x00000000080019ec                main
 .text.SystemClock_Config
                0x0000000008001b88       0xae ./Core/Src/main.o
                0x0000000008001b88                SystemClock_Config
 *fill*         0x0000000008001c36        0x2 
 .text.MX_ADC1_Init
                0x0000000008001c38       0x7c ./Core/Src/main.o
 .text.MX_ADC2_Init
                0x0000000008001cb4       0x7c ./Core/Src/main.o
 .text.MX_I2C1_Init
                0x0000000008001d30       0x5c ./Core/Src/main.o
 .text.MX_TIM1_Init
                0x0000000008001d8c       0xa4 ./Core/Src/main.o
 .text.MX_TIM2_Init
                0x0000000008001e30       0x98 ./Core/Src/main.o
 .text.MX_TIM3_Init
                0x0000000008001ec8       0x9c ./Core/Src/main.o
 .text.MX_TIM4_Init
                0x0000000008001f64       0x9c ./Core/Src/main.o
 .text.MX_USART1_UART_Init
                0x0000000008002000       0x54 ./Core/Src/main.o
 .text.MX_DMA_Init
                0x0000000008002054       0x3c ./Core/Src/main.o
 .text.MX_GPIO_Init
                0x0000000008002090      0x1f4 ./Core/Src/main.o
 .text.HAL_TIM_PeriodElapsedCallback
                0x0000000008002284     0x131c ./Core/Src/main.o
                0x0000000008002284                HAL_TIM_PeriodElapsedCallback
 .text.HAL_GPIO_EXTI_Callback
                0x00000000080035a0      0xf60 ./Core/Src/main.o
                0x00000000080035a0                HAL_GPIO_EXTI_Callback
 .text.xu_ly_tick_dht11
                0x0000000008004500       0xb0 ./Core/Src/main.o
                0x0000000008004500                xu_ly_tick_dht11
 .text.doc_dht11
                0x00000000080045b0       0xbc ./Core/Src/main.o
                0x00000000080045b0                doc_dht11
 .text.Error_Handler
                0x000000000800466c        0xa ./Core/Src/main.o
                0x000000000800466c                Error_Handler
 *fill*         0x0000000008004676        0x2 
 .text.HAL_MspInit
                0x0000000008004678       0x44 ./Core/Src/stm32f1xx_hal_msp.o
                0x0000000008004678                HAL_MspInit
 .text.HAL_ADC_MspInit
                0x00000000080046bc       0xec ./Core/Src/stm32f1xx_hal_msp.o
                0x00000000080046bc                HAL_ADC_MspInit
 .text.HAL_I2C_MspInit
                0x00000000080047a8       0x7c ./Core/Src/stm32f1xx_hal_msp.o
                0x00000000080047a8                HAL_I2C_MspInit
 .text.HAL_I2C_MspDeInit
                0x0000000008004824       0x44 ./Core/Src/stm32f1xx_hal_msp.o
                0x0000000008004824                HAL_I2C_MspDeInit
 .text.HAL_TIM_Base_MspInit
                0x0000000008004868      0x100 ./Core/Src/stm32f1xx_hal_msp.o
                0x0000000008004868                HAL_TIM_Base_MspInit
 .text.HAL_UART_MspInit
                0x0000000008004968       0xfc ./Core/Src/stm32f1xx_hal_msp.o
                0x0000000008004968                HAL_UART_MspInit
 .text.NMI_Handler
                0x0000000008004a64        0x6 ./Core/Src/stm32f1xx_it.o
                0x0000000008004a64                NMI_Handler
 .text.HardFault_Handler
                0x0000000008004a6a        0x6 ./Core/Src/stm32f1xx_it.o
                0x0000000008004a6a                HardFault_Handler
 .text.MemManage_Handler
                0x0000000008004a70        0x6 ./Core/Src/stm32f1xx_it.o
                0x0000000008004a70                MemManage_Handler
 .text.BusFault_Handler
                0x0000000008004a76        0x6 ./Core/Src/stm32f1xx_it.o
                0x0000000008004a76                BusFault_Handler
 .text.UsageFault_Handler
                0x0000000008004a7c        0x6 ./Core/Src/stm32f1xx_it.o
                0x0000000008004a7c                UsageFault_Handler
 .text.SVC_Handler
                0x0000000008004a82        0xc ./Core/Src/stm32f1xx_it.o
                0x0000000008004a82                SVC_Handler
 .text.DebugMon_Handler
                0x0000000008004a8e        0xc ./Core/Src/stm32f1xx_it.o
                0x0000000008004a8e                DebugMon_Handler
 .text.PendSV_Handler
                0x0000000008004a9a        0xc ./Core/Src/stm32f1xx_it.o
                0x0000000008004a9a                PendSV_Handler
 .text.SysTick_Handler
                0x0000000008004aa6        0xc ./Core/Src/stm32f1xx_it.o
                0x0000000008004aa6                SysTick_Handler
 .text.EXTI1_IRQHandler
                0x0000000008004ab2        0xe ./Core/Src/stm32f1xx_it.o
                0x0000000008004ab2                EXTI1_IRQHandler
 .text.EXTI2_IRQHandler
                0x0000000008004ac0        0xe ./Core/Src/stm32f1xx_it.o
                0x0000000008004ac0                EXTI2_IRQHandler
 .text.EXTI3_IRQHandler
                0x0000000008004ace        0xe ./Core/Src/stm32f1xx_it.o
                0x0000000008004ace                EXTI3_IRQHandler
 .text.EXTI4_IRQHandler
                0x0000000008004adc        0xe ./Core/Src/stm32f1xx_it.o
                0x0000000008004adc                EXTI4_IRQHandler
 *fill*         0x0000000008004aea        0x2 
 .text.DMA1_Channel5_IRQHandler
                0x0000000008004aec       0x14 ./Core/Src/stm32f1xx_it.o
                0x0000000008004aec                DMA1_Channel5_IRQHandler
 .text.ADC1_2_IRQHandler
                0x0000000008004b00       0x1c ./Core/Src/stm32f1xx_it.o
                0x0000000008004b00                ADC1_2_IRQHandler
 .text.EXTI9_5_IRQHandler
                0x0000000008004b1c       0x16 ./Core/Src/stm32f1xx_it.o
                0x0000000008004b1c                EXTI9_5_IRQHandler
 *fill*         0x0000000008004b32        0x2 
 .text.TIM1_BRK_IRQHandler
                0x0000000008004b34       0x14 ./Core/Src/stm32f1xx_it.o
                0x0000000008004b34                TIM1_BRK_IRQHandler
 .text.TIM1_UP_IRQHandler
                0x0000000008004b48       0x14 ./Core/Src/stm32f1xx_it.o
                0x0000000008004b48                TIM1_UP_IRQHandler
 .text.TIM2_IRQHandler
                0x0000000008004b5c       0x14 ./Core/Src/stm32f1xx_it.o
                0x0000000008004b5c                TIM2_IRQHandler
 .text.TIM3_IRQHandler
                0x0000000008004b70       0x14 ./Core/Src/stm32f1xx_it.o
                0x0000000008004b70                TIM3_IRQHandler
 .text.TIM4_IRQHandler
                0x0000000008004b84       0x14 ./Core/Src/stm32f1xx_it.o
                0x0000000008004b84                TIM4_IRQHandler
 .text.USART1_IRQHandler
                0x0000000008004b98       0x14 ./Core/Src/stm32f1xx_it.o
                0x0000000008004b98                USART1_IRQHandler
 .text.EXTI15_10_IRQHandler
                0x0000000008004bac       0x10 ./Core/Src/stm32f1xx_it.o
                0x0000000008004bac                EXTI15_10_IRQHandler
 .text._sbrk    0x0000000008004bbc       0x6c ./Core/Src/sysmem.o
                0x0000000008004bbc                _sbrk
 .text.SystemInit
                0x0000000008004c28        0xc ./Core/Src/system_stm32f1xx.o
                0x0000000008004c28                SystemInit
 .text.Reset_Handler
                0x0000000008004c34       0x48 ./Core/Startup/startup_stm32f103c8tx.o
                0x0000000008004c34                Reset_Handler
 .text.Default_Handler
                0x0000000008004c7c        0x2 ./Core/Startup/startup_stm32f103c8tx.o
                0x0000000008004c7c                RTC_Alarm_IRQHandler
                0x0000000008004c7c                TIM1_CC_IRQHandler
                0x0000000008004c7c                PVD_IRQHandler
                0x0000000008004c7c                EXTI0_IRQHandler
                0x0000000008004c7c                I2C2_EV_IRQHandler
                0x0000000008004c7c                SPI1_IRQHandler
                0x0000000008004c7c                TAMPER_IRQHandler
                0x0000000008004c7c                DMA1_Channel4_IRQHandler
                0x0000000008004c7c                USART3_IRQHandler
                0x0000000008004c7c                RTC_IRQHandler
                0x0000000008004c7c                DMA1_Channel7_IRQHandler
                0x0000000008004c7c                CAN1_RX1_IRQHandler
                0x0000000008004c7c                I2C1_EV_IRQHandler
                0x0000000008004c7c                DMA1_Channel6_IRQHandler
                0x0000000008004c7c                RCC_IRQHandler
                0x0000000008004c7c                TIM1_TRG_COM_IRQHandler
                0x0000000008004c7c                DMA1_Channel1_IRQHandler
                0x0000000008004c7c                Default_Handler
                0x0000000008004c7c                SPI2_IRQHandler
                0x0000000008004c7c                USB_LP_CAN1_RX0_IRQHandler
                0x0000000008004c7c                USB_HP_CAN1_TX_IRQHandler
                0x0000000008004c7c                DMA1_Channel3_IRQHandler
                0x0000000008004c7c                WWDG_IRQHandler
                0x0000000008004c7c                USART2_IRQHandler
                0x0000000008004c7c                I2C2_ER_IRQHandler
                0x0000000008004c7c                DMA1_Channel2_IRQHandler
                0x0000000008004c7c                CAN1_SCE_IRQHandler
                0x0000000008004c7c                FLASH_IRQHandler
                0x0000000008004c7c                I2C1_ER_IRQHandler
                0x0000000008004c7c                USBWakeUp_IRQHandler
 *fill*         0x0000000008004c7e        0x2 
 .text.HAL_Init
                0x0000000008004c80       0x2c ./Drivers/STM32F1xx_HAL_Driver/Src/stm32f1xx_hal.o
                0x0000000008004c80                HAL_Init
 .text.HAL_InitTick
                0x0000000008004cac       0x60 ./Drivers/STM32F1xx_HAL_Driver/Src/stm32f1xx_hal.o
                0x0000000008004cac                HAL_InitTick
 .text.HAL_IncTick
                0x0000000008004d0c       0x24 ./Drivers/STM32F1xx_HAL_Driver/Src/stm32f1xx_hal.o
                0x0000000008004d0c                HAL_IncTick
 .text.HAL_GetTick
                0x0000000008004d30       0x14 ./Drivers/STM32F1xx_HAL_Driver/Src/stm32f1xx_hal.o
                0x0000000008004d30                HAL_GetTick
 .text.HAL_Delay
                0x0000000008004d44       0x48 ./Drivers/STM32F1xx_HAL_Driver/Src/stm32f1xx_hal.o
                0x0000000008004d44                HAL_Delay
 .text.HAL_ADC_Init
                0x0000000008004d8c      0x1b0 ./Drivers/STM32F1xx_HAL_Driver/Src/stm32f1xx_hal_adc.o
                0x0000000008004d8c                HAL_ADC_Init
 .text.HAL_ADC_Start
                0x0000000008004f3c      0x15c ./Drivers/STM32F1xx_HAL_Driver/Src/stm32f1xx_hal_adc.o
                0x0000000008004f3c                HAL_ADC_Start
 .text.HAL_ADC_Stop
                0x0000000008005098       0x58 ./Drivers/STM32F1xx_HAL_Driver/Src/stm32f1xx_hal_adc.o
                0x0000000008005098                HAL_ADC_Stop
 .text.HAL_ADC_GetValue
                0x00000000080050f0       0x18 ./Drivers/STM32F1xx_HAL_Driver/Src/stm32f1xx_hal_adc.o
                0x00000000080050f0                HAL_ADC_GetValue
 .text.HAL_ADC_IRQHandler
                0x0000000008005108      0x17e ./Drivers/STM32F1xx_HAL_Driver/Src/stm32f1xx_hal_adc.o
                0x0000000008005108                HAL_ADC_IRQHandler
 .text.HAL_ADC_ConvCpltCallback
                0x0000000008005286       0x12 ./Drivers/STM32F1xx_HAL_Driver/Src/stm32f1xx_hal_adc.o
                0x0000000008005286                HAL_ADC_ConvCpltCallback
 .text.HAL_ADC_LevelOutOfWindowCallback
                0x0000000008005298       0x12 ./Drivers/STM32F1xx_HAL_Driver/Src/stm32f1xx_hal_adc.o
                0x0000000008005298                HAL_ADC_LevelOutOfWindowCallback
 *fill*         0x00000000080052aa        0x2 
 .text.HAL_ADC_ConfigChannel
                0x00000000080052ac      0x1f0 ./Drivers/STM32F1xx_HAL_Driver/Src/stm32f1xx_hal_adc.o
                0x00000000080052ac                HAL_ADC_ConfigChannel
 .text.ADC_Enable
                0x000000000800549c       0xb4 ./Drivers/STM32F1xx_HAL_Driver/Src/stm32f1xx_hal_adc.o
                0x000000000800549c                ADC_Enable
 .text.ADC_ConversionStop_Disable
                0x0000000008005550       0x82 ./Drivers/STM32F1xx_HAL_Driver/Src/stm32f1xx_hal_adc.o
                0x0000000008005550                ADC_ConversionStop_Disable
 .text.HAL_ADCEx_InjectedConvCpltCallback
                0x00000000080055d2       0x12 ./Drivers/STM32F1xx_HAL_Driver/Src/stm32f1xx_hal_adc_ex.o
                0x00000000080055d2                HAL_ADCEx_InjectedConvCpltCallback
 .text.__NVIC_SetPriorityGrouping
                0x00000000080055e4       0x48 ./Drivers/STM32F1xx_HAL_Driver/Src/stm32f1xx_hal_cortex.o
 .text.__NVIC_GetPriorityGrouping
                0x000000000800562c       0x1c ./Drivers/STM32F1xx_HAL_Driver/Src/stm32f1xx_hal_cortex.o
 .text.__NVIC_EnableIRQ
                0x0000000008005648       0x38 ./Drivers/STM32F1xx_HAL_Driver/Src/stm32f1xx_hal_cortex.o
 .text.__NVIC_DisableIRQ
                0x0000000008005680       0x48 ./Drivers/STM32F1xx_HAL_Driver/Src/stm32f1xx_hal_cortex.o
 .text.__NVIC_SetPriority
                0x00000000080056c8       0x54 ./Drivers/STM32F1xx_HAL_Driver/Src/stm32f1xx_hal_cortex.o
 .text.NVIC_EncodePriority
                0x000000000800571c       0x64 ./Drivers/STM32F1xx_HAL_Driver/Src/stm32f1xx_hal_cortex.o
 .text.SysTick_Config
                0x0000000008005780       0x44 ./Drivers/STM32F1xx_HAL_Driver/Src/stm32f1xx_hal_cortex.o
 .text.HAL_NVIC_SetPriorityGrouping
                0x00000000080057c4       0x16 ./Drivers/STM32F1xx_HAL_Driver/Src/stm32f1xx_hal_cortex.o
                0x00000000080057c4                HAL_NVIC_SetPriorityGrouping
 .text.HAL_NVIC_SetPriority
                0x00000000080057da       0x38 ./Drivers/STM32F1xx_HAL_Driver/Src/stm32f1xx_hal_cortex.o
                0x00000000080057da                HAL_NVIC_SetPriority
 .text.HAL_NVIC_EnableIRQ
                0x0000000008005812       0x1c ./Drivers/STM32F1xx_HAL_Driver/Src/stm32f1xx_hal_cortex.o
                0x0000000008005812                HAL_NVIC_EnableIRQ
 .text.HAL_NVIC_DisableIRQ
                0x000000000800582e       0x1c ./Drivers/STM32F1xx_HAL_Driver/Src/stm32f1xx_hal_cortex.o
                0x000000000800582e                HAL_NVIC_DisableIRQ
 .text.HAL_SYSTICK_Config
                0x000000000800584a       0x18 ./Drivers/STM32F1xx_HAL_Driver/Src/stm32f1xx_hal_cortex.o
                0x000000000800584a                HAL_SYSTICK_Config
 *fill*         0x0000000008005862        0x2 
 .text.HAL_DMA_Init
                0x0000000008005864       0xb4 ./Drivers/STM32F1xx_HAL_Driver/Src/stm32f1xx_hal_dma.o
                0x0000000008005864                HAL_DMA_Init
 .text.HAL_DMA_Start_IT
                0x0000000008005918       0xc0 ./Drivers/STM32F1xx_HAL_Driver/Src/stm32f1xx_hal_dma.o
                0x0000000008005918                HAL_DMA_Start_IT
 .text.HAL_DMA_Abort
                0x00000000080059d8       0x76 ./Drivers/STM32F1xx_HAL_Driver/Src/stm32f1xx_hal_dma.o
                0x00000000080059d8                HAL_DMA_Abort
 *fill*         0x0000000008005a4e        0x2 
 .text.HAL_DMA_Abort_IT
                0x0000000008005a50       0xf0 ./Drivers/STM32F1xx_HAL_Driver/Src/stm32f1xx_hal_dma.o
                0x0000000008005a50                HAL_DMA_Abort_IT
 .text.HAL_DMA_IRQHandler
                0x0000000008005b40      0x20c ./Drivers/STM32F1xx_HAL_Driver/Src/stm32f1xx_hal_dma.o
                0x0000000008005b40                HAL_DMA_IRQHandler
 .text.DMA_SetConfig
                0x0000000008005d4c       0x5a ./Drivers/STM32F1xx_HAL_Driver/Src/stm32f1xx_hal_dma.o
 *fill*         0x0000000008005da6        0x2 
 .text.HAL_GPIO_Init
                0x0000000008005da8      0x308 ./Drivers/STM32F1xx_HAL_Driver/Src/stm32f1xx_hal_gpio.o
                0x0000000008005da8                HAL_GPIO_Init
 .text.HAL_GPIO_DeInit
                0x00000000080060b0      0x178 ./Drivers/STM32F1xx_HAL_Driver/Src/stm32f1xx_hal_gpio.o
                0x00000000080060b0                HAL_GPIO_DeInit
 .text.HAL_GPIO_ReadPin
                0x0000000008006228       0x2e ./Drivers/STM32F1xx_HAL_Driver/Src/stm32f1xx_hal_gpio.o
                0x0000000008006228                HAL_GPIO_ReadPin
 .text.HAL_GPIO_WritePin
                0x0000000008006256       0x30 ./Drivers/STM32F1xx_HAL_Driver/Src/stm32f1xx_hal_gpio.o
                0x0000000008006256                HAL_GPIO_WritePin
 .text.HAL_GPIO_TogglePin
                0x0000000008006286       0x32 ./Drivers/STM32F1xx_HAL_Driver/Src/stm32f1xx_hal_gpio.o
                0x0000000008006286                HAL_GPIO_TogglePin
 .text.HAL_GPIO_EXTI_IRQHandler
                0x00000000080062b8       0x30 ./Drivers/STM32F1xx_HAL_Driver/Src/stm32f1xx_hal_gpio.o
                0x00000000080062b8                HAL_GPIO_EXTI_IRQHandler
 .text.HAL_I2C_Init
                0x00000000080062e8      0x288 ./Drivers/STM32F1xx_HAL_Driver/Src/stm32f1xx_hal_i2c.o
                0x00000000080062e8                HAL_I2C_Init
 .text.HAL_I2C_DeInit
                0x0000000008006570       0x5e ./Drivers/STM32F1xx_HAL_Driver/Src/stm32f1xx_hal_i2c.o
                0x0000000008006570                HAL_I2C_DeInit
 *fill*         0x00000000080065ce        0x2 
 .text.HAL_I2C_Master_Transmit
                0x00000000080065d0      0x1fc ./Drivers/STM32F1xx_HAL_Driver/Src/stm32f1xx_hal_i2c.o
                0x00000000080065d0                HAL_I2C_Master_Transmit
 .text.I2C_MasterRequestWrite
                0x00000000080067cc      0x104 ./Drivers/STM32F1xx_HAL_Driver/Src/stm32f1xx_hal_i2c.o
 .text.I2C_WaitOnFlagUntilTimeout
                0x00000000080068d0       0xf4 ./Drivers/STM32F1xx_HAL_Driver/Src/stm32f1xx_hal_i2c.o
 .text.I2C_WaitOnMasterAddressFlagUntilTimeout
                0x00000000080069c4      0x140 ./Drivers/STM32F1xx_HAL_Driver/Src/stm32f1xx_hal_i2c.o
 .text.I2C_WaitOnTXEFlagUntilTimeout
                0x0000000008006b04       0x90 ./Drivers/STM32F1xx_HAL_Driver/Src/stm32f1xx_hal_i2c.o
 .text.I2C_WaitOnBTFFlagUntilTimeout
                0x0000000008006b94       0x90 ./Drivers/STM32F1xx_HAL_Driver/Src/stm32f1xx_hal_i2c.o
 .text.I2C_IsAcknowledgeFailed
                0x0000000008006c24       0x5c ./Drivers/STM32F1xx_HAL_Driver/Src/stm32f1xx_hal_i2c.o
 .text.HAL_RCC_OscConfig
                0x0000000008006c80      0x504 ./Drivers/STM32F1xx_HAL_Driver/Src/stm32f1xx_hal_rcc.o
                0x0000000008006c80                HAL_RCC_OscConfig
 .text.HAL_RCC_ClockConfig
                0x0000000008007184      0x1d4 ./Drivers/STM32F1xx_HAL_Driver/Src/stm32f1xx_hal_rcc.o
                0x0000000008007184                HAL_RCC_ClockConfig
 .text.HAL_RCC_GetSysClockFreq
                0x0000000008007358       0xa8 ./Drivers/STM32F1xx_HAL_Driver/Src/stm32f1xx_hal_rcc.o
                0x0000000008007358                HAL_RCC_GetSysClockFreq
 .text.HAL_RCC_GetHCLKFreq
                0x0000000008007400       0x14 ./Drivers/STM32F1xx_HAL_Driver/Src/stm32f1xx_hal_rcc.o
                0x0000000008007400                HAL_RCC_GetHCLKFreq
 .text.HAL_RCC_GetPCLK1Freq
                0x0000000008007414       0x28 ./Drivers/STM32F1xx_HAL_Driver/Src/stm32f1xx_hal_rcc.o
                0x0000000008007414                HAL_RCC_GetPCLK1Freq
 .text.HAL_RCC_GetPCLK2Freq
                0x000000000800743c       0x28 ./Drivers/STM32F1xx_HAL_Driver/Src/stm32f1xx_hal_rcc.o
                0x000000000800743c                HAL_RCC_GetPCLK2Freq
 .text.RCC_Delay
                0x0000000008007464       0x3c ./Drivers/STM32F1xx_HAL_Driver/Src/stm32f1xx_hal_rcc.o
 .text.HAL_RCCEx_PeriphCLKConfig
                0x00000000080074a0      0x16c ./Drivers/STM32F1xx_HAL_Driver/Src/stm32f1xx_hal_rcc_ex.o
                0x00000000080074a0                HAL_RCCEx_PeriphCLKConfig
 .text.HAL_TIM_Base_Init
                0x000000000800760c       0x9e ./Drivers/STM32F1xx_HAL_Driver/Src/stm32f1xx_hal_tim.o
                0x000000000800760c                HAL_TIM_Base_Init
 *fill*         0x00000000080076aa        0x2 
 .text.HAL_TIM_Base_Start_IT
                0x00000000080076ac       0xa4 ./Drivers/STM32F1xx_HAL_Driver/Src/stm32f1xx_hal_tim.o
                0x00000000080076ac                HAL_TIM_Base_Start_IT
 .text.HAL_TIM_Base_Stop_IT
                0x0000000008007750       0x5c ./Drivers/STM32F1xx_HAL_Driver/Src/stm32f1xx_hal_tim.o
                0x0000000008007750                HAL_TIM_Base_Stop_IT
 .text.HAL_TIM_IRQHandler
                0x00000000080077ac      0x210 ./Drivers/STM32F1xx_HAL_Driver/Src/stm32f1xx_hal_tim.o
                0x00000000080077ac                HAL_TIM_IRQHandler
 .text.HAL_TIM_ConfigClockSource
                0x00000000080079bc      0x18e ./Drivers/STM32F1xx_HAL_Driver/Src/stm32f1xx_hal_tim.o
                0x00000000080079bc                HAL_TIM_ConfigClockSource
 .text.HAL_TIM_OC_DelayElapsedCallback
                0x0000000008007b4a       0x12 ./Drivers/STM32F1xx_HAL_Driver/Src/stm32f1xx_hal_tim.o
                0x0000000008007b4a                HAL_TIM_OC_DelayElapsedCallback
 .text.HAL_TIM_IC_CaptureCallback
                0x0000000008007b5c       0x12 ./Drivers/STM32F1xx_HAL_Driver/Src/stm32f1xx_hal_tim.o
                0x0000000008007b5c                HAL_TIM_IC_CaptureCallback
 .text.HAL_TIM_PWM_PulseFinishedCallback
                0x0000000008007b6e       0x12 ./Drivers/STM32F1xx_HAL_Driver/Src/stm32f1xx_hal_tim.o
                0x0000000008007b6e                HAL_TIM_PWM_PulseFinishedCallback
 .text.HAL_TIM_TriggerCallback
                0x0000000008007b80       0x12 ./Drivers/STM32F1xx_HAL_Driver/Src/stm32f1xx_hal_tim.o
                0x0000000008007b80                HAL_TIM_TriggerCallback
 *fill*         0x0000000008007b92        0x2 
 .text.TIM_Base_SetConfig
                0x0000000008007b94       0xc4 ./Drivers/STM32F1xx_HAL_Driver/Src/stm32f1xx_hal_tim.o
                0x0000000008007b94                TIM_Base_SetConfig
 .text.TIM_TI1_ConfigInputStage
                0x0000000008007c58       0x5c ./Drivers/STM32F1xx_HAL_Driver/Src/stm32f1xx_hal_tim.o
 .text.TIM_TI2_ConfigInputStage
                0x0000000008007cb4       0x5e ./Drivers/STM32F1xx_HAL_Driver/Src/stm32f1xx_hal_tim.o
 .text.TIM_ITRx_SetConfig
                0x0000000008007d12       0x34 ./Drivers/STM32F1xx_HAL_Driver/Src/stm32f1xx_hal_tim.o
 .text.TIM_ETR_SetConfig
                0x0000000008007d46       0x3e ./Drivers/STM32F1xx_HAL_Driver/Src/stm32f1xx_hal_tim.o
                0x0000000008007d46                TIM_ETR_SetConfig
 .text.HAL_TIMEx_MasterConfigSynchronization
                0x0000000008007d84       0xbc ./Drivers/STM32F1xx_HAL_Driver/Src/stm32f1xx_hal_tim_ex.o
                0x0000000008007d84                HAL_TIMEx_MasterConfigSynchronization
 .text.HAL_TIMEx_CommutCallback
                0x0000000008007e40       0x12 ./Drivers/STM32F1xx_HAL_Driver/Src/stm32f1xx_hal_tim_ex.o
                0x0000000008007e40                HAL_TIMEx_CommutCallback
 .text.HAL_TIMEx_BreakCallback
                0x0000000008007e52       0x12 ./Drivers/STM32F1xx_HAL_Driver/Src/stm32f1xx_hal_tim_ex.o
                0x0000000008007e52                HAL_TIMEx_BreakCallback
 .text.HAL_UART_Init
                0x0000000008007e64       0xa0 ./Drivers/STM32F1xx_HAL_Driver/Src/stm32f1xx_hal_uart.o
                0x0000000008007e64                HAL_UART_Init
 .text.HAL_UART_Transmit
                0x0000000008007f04      0x106 ./Drivers/STM32F1xx_HAL_Driver/Src/stm32f1xx_hal_uart.o
                0x0000000008007f04                HAL_UART_Transmit
 .text.HAL_UART_Receive_DMA
                0x000000000800800a       0x4a ./Drivers/STM32F1xx_HAL_Driver/Src/stm32f1xx_hal_uart.o
                0x000000000800800a                HAL_UART_Receive_DMA
 .text.HAL_UART_DMAStop
                0x0000000008008054       0xfe ./Drivers/STM32F1xx_HAL_Driver/Src/stm32f1xx_hal_uart.o
                0x0000000008008054                HAL_UART_DMAStop
 *fill*         0x0000000008008152        0x2 
 .text.HAL_UART_IRQHandler
                0x0000000008008154      0x524 ./Drivers/STM32F1xx_HAL_Driver/Src/stm32f1xx_hal_uart.o
                0x0000000008008154                HAL_UART_IRQHandler
 .text.HAL_UART_TxCpltCallback
                0x0000000008008678       0x12 ./Drivers/STM32F1xx_HAL_Driver/Src/stm32f1xx_hal_uart.o
                0x0000000008008678                HAL_UART_TxCpltCallback
 .text.HAL_UART_RxCpltCallback
                0x000000000800868a       0x12 ./Drivers/STM32F1xx_HAL_Driver/Src/stm32f1xx_hal_uart.o
                0x000000000800868a                HAL_UART_RxCpltCallback
 .text.HAL_UART_RxHalfCpltCallback
                0x000000000800869c       0x12 ./Drivers/STM32F1xx_HAL_Driver/Src/stm32f1xx_hal_uart.o
                0x000000000800869c                HAL_UART_RxHalfCpltCallback
 .text.HAL_UART_ErrorCallback
                0x00000000080086ae       0x12 ./Drivers/STM32F1xx_HAL_Driver/Src/stm32f1xx_hal_uart.o
                0x00000000080086ae                HAL_UART_ErrorCallback
 .text.HAL_UARTEx_RxEventCallback
                0x00000000080086c0       0x16 ./Drivers/STM32F1xx_HAL_Driver/Src/stm32f1xx_hal_uart.o
                0x00000000080086c0                HAL_UARTEx_RxEventCallback
 .text.UART_DMAReceiveCplt
                0x00000000080086d6      0x12c ./Drivers/STM32F1xx_HAL_Driver/Src/stm32f1xx_hal_uart.o
 .text.UART_DMARxHalfCplt
                0x0000000008008802       0x3c ./Drivers/STM32F1xx_HAL_Driver/Src/stm32f1xx_hal_uart.o
 .text.UART_DMAError
                0x000000000800883e       0x94 ./Drivers/STM32F1xx_HAL_Driver/Src/stm32f1xx_hal_uart.o
 .text.UART_WaitOnFlagUntilTimeout
                0x00000000080088d2       0xdc ./Drivers/STM32F1xx_HAL_Driver/Src/stm32f1xx_hal_uart.o
 *fill*         0x00000000080089ae        0x2 
 .text.UART_Start_Receive_DMA
                0x00000000080089b0      0x134 ./Drivers/STM32F1xx_HAL_Driver/Src/stm32f1xx_hal_uart.o
                0x00000000080089b0                UART_Start_Receive_DMA
 .text.UART_EndTxTransfer
                0x0000000008008ae4       0x4e ./Drivers/STM32F1xx_HAL_Driver/Src/stm32f1xx_hal_uart.o
 .text.UART_EndRxTransfer
                0x0000000008008b32       0xc4 ./Drivers/STM32F1xx_HAL_Driver/Src/stm32f1xx_hal_uart.o
 .text.UART_DMAAbortOnError
                0x0000000008008bf6       0x28 ./Drivers/STM32F1xx_HAL_Driver/Src/stm32f1xx_hal_uart.o
 .text.UART_Transmit_IT
                0x0000000008008c1e       0x9e ./Drivers/STM32F1xx_HAL_Driver/Src/stm32f1xx_hal_uart.o
 .text.UART_EndTransmit_IT
                0x0000000008008cbc       0x30 ./Drivers/STM32F1xx_HAL_Driver/Src/stm32f1xx_hal_uart.o
 .text.UART_Receive_IT
                0x0000000008008cec      0x17c ./Drivers/STM32F1xx_HAL_Driver/Src/stm32f1xx_hal_uart.o
 .text.UART_SetConfig
                0x0000000008008e68      0x11c ./Drivers/STM32F1xx_HAL_Driver/Src/stm32f1xx_hal_uart.o
 .text.wait_for_gpio_state_timeout
                0x0000000008008f84       0x66 ./LCD/Src/LCD.o
 *fill*         0x0000000008008fea        0x2 
 .text.I2C_ClearBusyFlagErratum
                0x0000000008008fec      0x138 ./LCD/Src/LCD.o
 .text.lcd_send_cmd
                0x0000000008009124       0x60 ./LCD/Src/LCD.o
                0x0000000008009124                lcd_send_cmd
 .text.lcd_send_data
                0x0000000008009184       0x74 ./LCD/Src/LCD.o
                0x0000000008009184                lcd_send_data
 .text.lcd_clear
                0x00000000080091f8       0x2e ./LCD/Src/LCD.o
                0x00000000080091f8                lcd_clear
 .text.lcd_put_cur
                0x0000000008009226       0x3e ./LCD/Src/LCD.o
                0x0000000008009226                lcd_put_cur
 .text.lcd_init
                0x0000000008009264       0x7a ./LCD/Src/LCD.o
                0x0000000008009264                lcd_init
 .text.lcd_send_string
                0x00000000080092de       0x2a ./LCD/Src/LCD.o
                0x00000000080092de                lcd_send_string
 .text.sprintf  0x0000000008009308       0x40 C:/ST/STM32CubeIDE_1.13.0/STM32CubeIDE/plugins/com.st.stm32cube.ide.mcu.externaltools.gnu-tools-for-stm32.11.3.rel1.win32_1.1.0.202305231506/tools/bin/../lib/gcc/arm-none-eabi/11.3.1/../../../../arm-none-eabi/lib/thumb/v7-m/nofp\libc_nano.a(libc_a-sprintf.o)
                0x0000000008009308                siprintf
                0x0000000008009308                sprintf
 .text.sscanf   0x0000000008009348       0x54 C:/ST/STM32CubeIDE_1.13.0/STM32CubeIDE/plugins/com.st.stm32cube.ide.mcu.externaltools.gnu-tools-for-stm32.11.3.rel1.win32_1.1.0.202305231506/tools/bin/../lib/gcc/arm-none-eabi/11.3.1/../../../../arm-none-eabi/lib/thumb/v7-m/nofp\libc_nano.a(libc_a-sscanf.o)
                0x0000000008009348                siscanf
                0x0000000008009348                sscanf
 .text.__seofread
                0x000000000800939c        0x4 C:/ST/STM32CubeIDE_1.13.0/STM32CubeIDE/plugins/com.st.stm32cube.ide.mcu.externaltools.gnu-tools-for-stm32.11.3.rel1.win32_1.1.0.202305231506/tools/bin/../lib/gcc/arm-none-eabi/11.3.1/../../../../arm-none-eabi/lib/thumb/v7-m/nofp\libc_nano.a(libc_a-stdio.o)
                0x000000000800939c                __seofread
 .text.memset   0x00000000080093a0       0x10 C:/ST/STM32CubeIDE_1.13.0/STM32CubeIDE/plugins/com.st.stm32cube.ide.mcu.externaltools.gnu-tools-for-stm32.11.3.rel1.win32_1.1.0.202305231506/tools/bin/../lib/gcc/arm-none-eabi/11.3.1/../../../../arm-none-eabi/lib/thumb/v7-m/nofp\libc_nano.a(libc_a-memset.o)
                0x00000000080093a0                memset
 .text.__errno  0x00000000080093b0        0xc C:/ST/STM32CubeIDE_1.13.0/STM32CubeIDE/plugins/com.st.stm32cube.ide.mcu.externaltools.gnu-tools-for-stm32.11.3.rel1.win32_1.1.0.202305231506/tools/bin/../lib/gcc/arm-none-eabi/11.3.1/../../../../arm-none-eabi/lib/thumb/v7-m/nofp\libc_nano.a(libc_a-errno.o)
                0x00000000080093b0                __errno
 .text.__libc_init_array
                0x00000000080093bc       0x48 C:/ST/STM32CubeIDE_1.13.0/STM32CubeIDE/plugins/com.st.stm32cube.ide.mcu.externaltools.gnu-tools-for-stm32.11.3.rel1.win32_1.1.0.202305231506/tools/bin/../lib/gcc/arm-none-eabi/11.3.1/../../../../arm-none-eabi/lib/thumb/v7-m/nofp\libc_nano.a(libc_a-init.o)
                0x00000000080093bc                __libc_init_array
 .text.__retarget_lock_acquire_recursive
                0x0000000008009404        0x2 C:/ST/STM32CubeIDE_1.13.0/STM32CubeIDE/plugins/com.st.stm32cube.ide.mcu.externaltools.gnu-tools-for-stm32.11.3.rel1.win32_1.1.0.202305231506/tools/bin/../lib/gcc/arm-none-eabi/11.3.1/../../../../arm-none-eabi/lib/thumb/v7-m/nofp\libc_nano.a(libc_a-lock.o)
                0x0000000008009404                __retarget_lock_acquire_recursive
 .text.__retarget_lock_release_recursive
                0x0000000008009406        0x2 C:/ST/STM32CubeIDE_1.13.0/STM32CubeIDE/plugins/com.st.stm32cube.ide.mcu.externaltools.gnu-tools-for-stm32.11.3.rel1.win32_1.1.0.202305231506/tools/bin/../lib/gcc/arm-none-eabi/11.3.1/../../../../arm-none-eabi/lib/thumb/v7-m/nofp\libc_nano.a(libc_a-lock.o)
                0x0000000008009406                __retarget_lock_release_recursive
 .text._free_r  0x0000000008009408       0x90 C:/ST/STM32CubeIDE_1.13.0/STM32CubeIDE/plugins/com.st.stm32cube.ide.mcu.externaltools.gnu-tools-for-stm32.11.3.rel1.win32_1.1.0.202305231506/tools/bin/../lib/gcc/arm-none-eabi/11.3.1/../../../../arm-none-eabi/lib/thumb/v7-m/nofp\libc_nano.a(libc_a-freer.o)
                0x0000000008009408                _free_r
 .text.sbrk_aligned
                0x0000000008009498       0x40 C:/ST/STM32CubeIDE_1.13.0/STM32CubeIDE/plugins/com.st.stm32cube.ide.mcu.externaltools.gnu-tools-for-stm32.11.3.rel1.win32_1.1.0.202305231506/tools/bin/../lib/gcc/arm-none-eabi/11.3.1/../../../../arm-none-eabi/lib/thumb/v7-m/nofp\libc_nano.a(libc_a-mallocr.o)
 .text._malloc_r
                0x00000000080094d8      0x100 C:/ST/STM32CubeIDE_1.13.0/STM32CubeIDE/plugins/com.st.stm32cube.ide.mcu.externaltools.gnu-tools-for-stm32.11.3.rel1.win32_1.1.0.202305231506/tools/bin/../lib/gcc/arm-none-eabi/11.3.1/../../../../arm-none-eabi/lib/thumb/v7-m/nofp\libc_nano.a(libc_a-mallocr.o)
                0x00000000080094d8                _malloc_r
 .text.__malloc_lock
                0x00000000080095d8        0xc C:/ST/STM32CubeIDE_1.13.0/STM32CubeIDE/plugins/com.st.stm32cube.ide.mcu.externaltools.gnu-tools-for-stm32.11.3.rel1.win32_1.1.0.202305231506/tools/bin/../lib/gcc/arm-none-eabi/11.3.1/../../../../arm-none-eabi/lib/thumb/v7-m/nofp\libc_nano.a(libc_a-mlock.o)
                0x00000000080095d8                __malloc_lock
 .text.__malloc_unlock
                0x00000000080095e4        0xc C:/ST/STM32CubeIDE_1.13.0/STM32CubeIDE/plugins/com.st.stm32cube.ide.mcu.externaltools.gnu-tools-for-stm32.11.3.rel1.win32_1.1.0.202305231506/tools/bin/../lib/gcc/arm-none-eabi/11.3.1/../../../../arm-none-eabi/lib/thumb/v7-m/nofp\libc_nano.a(libc_a-mlock.o)
                0x00000000080095e4                __malloc_unlock
 .text.__ssputs_r
                0x00000000080095f0       0xb4 C:/ST/STM32CubeIDE_1.13.0/STM32CubeIDE/plugins/com.st.stm32cube.ide.mcu.externaltools.gnu-tools-for-stm32.11.3.rel1.win32_1.1.0.202305231506/tools/bin/../lib/gcc/arm-none-eabi/11.3.1/../../../../arm-none-eabi/lib/thumb/v7-m/nofp\libc_nano.a(libc_a-nano-svfprintf.o)
                0x00000000080095f0                __ssputs_r
 .text._svfprintf_r
                0x00000000080096a4      0x1fc C:/ST/STM32CubeIDE_1.13.0/STM32CubeIDE/plugins/com.st.stm32cube.ide.mcu.externaltools.gnu-tools-for-stm32.11.3.rel1.win32_1.1.0.202305231506/tools/bin/../lib/gcc/arm-none-eabi/11.3.1/../../../../arm-none-eabi/lib/thumb/v7-m/nofp\libc_nano.a(libc_a-nano-svfprintf.o)
                0x00000000080096a4                _svfiprintf_r
                0x00000000080096a4                _svfprintf_r
 .text._sungetc_r
                0x00000000080098a0       0x7a C:/ST/STM32CubeIDE_1.13.0/STM32CubeIDE/plugins/com.st.stm32cube.ide.mcu.externaltools.gnu-tools-for-stm32.11.3.rel1.win32_1.1.0.202305231506/tools/bin/../lib/gcc/arm-none-eabi/11.3.1/../../../../arm-none-eabi/lib/thumb/v7-m/nofp\libc_nano.a(libc_a-nano-svfscanf.o)
                0x00000000080098a0                _sungetc_r
 .text.__ssrefill_r
                0x000000000800991a       0x3a C:/ST/STM32CubeIDE_1.13.0/STM32CubeIDE/plugins/com.st.stm32cube.ide.mcu.externaltools.gnu-tools-for-stm32.11.3.rel1.win32_1.1.0.202305231506/tools/bin/../lib/gcc/arm-none-eabi/11.3.1/../../../../arm-none-eabi/lib/thumb/v7-m/nofp\libc_nano.a(libc_a-nano-svfscanf.o)
                0x000000000800991a                __ssrefill_r
 .text.__ssvfscanf_r
                0x0000000008009954      0x2f0 C:/ST/STM32CubeIDE_1.13.0/STM32CubeIDE/plugins/com.st.stm32cube.ide.mcu.externaltools.gnu-tools-for-stm32.11.3.rel1.win32_1.1.0.202305231506/tools/bin/../lib/gcc/arm-none-eabi/11.3.1/../../../../arm-none-eabi/lib/thumb/v7-m/nofp\libc_nano.a(libc_a-nano-svfscanf.o)
                0x0000000008009954                __ssvfiscanf_r
                0x0000000008009954                __ssvfscanf_r
 .text._printf_common
                0x0000000008009c44       0xe4 C:/ST/STM32CubeIDE_1.13.0/STM32CubeIDE/plugins/com.st.stm32cube.ide.mcu.externaltools.gnu-tools-for-stm32.11.3.rel1.win32_1.1.0.202305231506/tools/bin/../lib/gcc/arm-none-eabi/11.3.1/../../../../arm-none-eabi/lib/thumb/v7-m/nofp\libc_nano.a(libc_a-nano-vfprintf_i.o)
                0x0000000008009c44                _printf_common
 .text._printf_i
                0x0000000008009d28      0x244 C:/ST/STM32CubeIDE_1.13.0/STM32CubeIDE/plugins/com.st.stm32cube.ide.mcu.externaltools.gnu-tools-for-stm32.11.3.rel1.win32_1.1.0.202305231506/tools/bin/../lib/gcc/arm-none-eabi/11.3.1/../../../../arm-none-eabi/lib/thumb/v7-m/nofp\libc_nano.a(libc_a-nano-vfprintf_i.o)
                0x0000000008009d28                _printf_i
 .text._scanf_chars
                0x0000000008009f6c       0xb4 C:/ST/STM32CubeIDE_1.13.0/STM32CubeIDE/plugins/com.st.stm32cube.ide.mcu.externaltools.gnu-tools-for-stm32.11.3.rel1.win32_1.1.0.202305231506/tools/bin/../lib/gcc/arm-none-eabi/11.3.1/../../../../arm-none-eabi/lib/thumb/v7-m/nofp\libc_nano.a(libc_a-nano-vfscanf_i.o)
                0x0000000008009f6c                _scanf_chars
 .text._scanf_i
                0x000000000800a020      0x1e4 C:/ST/STM32CubeIDE_1.13.0/STM32CubeIDE/plugins/com.st.stm32cube.ide.mcu.externaltools.gnu-tools-for-stm32.11.3.rel1.win32_1.1.0.202305231506/tools/bin/../lib/gcc/arm-none-eabi/11.3.1/../../../../arm-none-eabi/lib/thumb/v7-m/nofp\libc_nano.a(libc_a-nano-vfscanf_i.o)
                0x000000000800a020                _scanf_i
 .text.__sccl   0x000000000800a204       0x72 C:/ST/STM32CubeIDE_1.13.0/STM32CubeIDE/plugins/com.st.stm32cube.ide.mcu.externaltools.gnu-tools-for-stm32.11.3.rel1.win32_1.1.0.202305231506/tools/bin/../lib/gcc/arm-none-eabi/11.3.1/../../../../arm-none-eabi/lib/thumb/v7-m/nofp\libc_nano.a(libc_a-sccl.o)
                0x000000000800a204                __sccl
 .text.__submore
                0x000000000800a276       0x70 C:/ST/STM32CubeIDE_1.13.0/STM32CubeIDE/plugins/com.st.stm32cube.ide.mcu.externaltools.gnu-tools-for-stm32.11.3.rel1.win32_1.1.0.202305231506/tools/bin/../lib/gcc/arm-none-eabi/11.3.1/../../../../arm-none-eabi/lib/thumb/v7-m/nofp\libc_nano.a(libc_a-ungetc.o)
                0x000000000800a276                __submore
 .text.memmove  0x000000000800a2e6       0x34 C:/ST/STM32CubeIDE_1.13.0/STM32CubeIDE/plugins/com.st.stm32cube.ide.mcu.externaltools.gnu-tools-for-stm32.11.3.rel1.win32_1.1.0.202305231506/tools/bin/../lib/gcc/arm-none-eabi/11.3.1/../../../../arm-none-eabi/lib/thumb/v7-m/nofp\libc_nano.a(libc_a-memmove.o)
                0x000000000800a2e6                memmove
 *fill*         0x000000000800a31a        0x2 
 .text._sbrk_r  0x000000000800a31c       0x20 C:/ST/STM32CubeIDE_1.13.0/STM32CubeIDE/plugins/com.st.stm32cube.ide.mcu.externaltools.gnu-tools-for-stm32.11.3.rel1.win32_1.1.0.202305231506/tools/bin/../lib/gcc/arm-none-eabi/11.3.1/../../../../arm-none-eabi/lib/thumb/v7-m/nofp\libc_nano.a(libc_a-sbrkr.o)
                0x000000000800a31c                _sbrk_r
 .text.memchr   0x000000000800a33c       0x1c C:/ST/STM32CubeIDE_1.13.0/STM32CubeIDE/plugins/com.st.stm32cube.ide.mcu.externaltools.gnu-tools-for-stm32.11.3.rel1.win32_1.1.0.202305231506/tools/bin/../lib/gcc/arm-none-eabi/11.3.1/../../../../arm-none-eabi/lib/thumb/v7-m/nofp\libc_nano.a(libc_a-memchr-stub.o)
                0x000000000800a33c                memchr
 .text.memcpy   0x000000000800a358       0x1c C:/ST/STM32CubeIDE_1.13.0/STM32CubeIDE/plugins/com.st.stm32cube.ide.mcu.externaltools.gnu-tools-for-stm32.11.3.rel1.win32_1.1.0.202305231506/tools/bin/../lib/gcc/arm-none-eabi/11.3.1/../../../../arm-none-eabi/lib/thumb/v7-m/nofp\libc_nano.a(libc_a-memcpy-stub.o)
                0x000000000800a358                memcpy
 .text._realloc_r
                0x000000000800a374       0x5e C:/ST/STM32CubeIDE_1.13.0/STM32CubeIDE/plugins/com.st.stm32cube.ide.mcu.externaltools.gnu-tools-for-stm32.11.3.rel1.win32_1.1.0.202305231506/tools/bin/../lib/gcc/arm-none-eabi/11.3.1/../../../../arm-none-eabi/lib/thumb/v7-m/nofp\libc_nano.a(libc_a-reallocr.o)
                0x000000000800a374                _realloc_r
 *fill*         0x000000000800a3d2        0x2 
 .text._strtol_l.constprop.0
                0x000000000800a3d4       0xfc C:/ST/STM32CubeIDE_1.13.0/STM32CubeIDE/plugins/com.st.stm32cube.ide.mcu.externaltools.gnu-tools-for-stm32.11.3.rel1.win32_1.1.0.202305231506/tools/bin/../lib/gcc/arm-none-eabi/11.3.1/../../../../arm-none-eabi/lib/thumb/v7-m/nofp\libc_nano.a(libc_a-strtol.o)
 .text._strtol_r
                0x000000000800a4d0        0x4 C:/ST/STM32CubeIDE_1.13.0/STM32CubeIDE/plugins/com.st.stm32cube.ide.mcu.externaltools.gnu-tools-for-stm32.11.3.rel1.win32_1.1.0.202305231506/tools/bin/../lib/gcc/arm-none-eabi/11.3.1/../../../../arm-none-eabi/lib/thumb/v7-m/nofp\libc_nano.a(libc_a-strtol.o)
                0x000000000800a4d0                _strtol_r
 .text._strtoul_l.constprop.0
                0x000000000800a4d4       0xe4 C:/ST/STM32CubeIDE_1.13.0/STM32CubeIDE/plugins/com.st.stm32cube.ide.mcu.externaltools.gnu-tools-for-stm32.11.3.rel1.win32_1.1.0.202305231506/tools/bin/../lib/gcc/arm-none-eabi/11.3.1/../../../../arm-none-eabi/lib/thumb/v7-m/nofp\libc_nano.a(libc_a-strtoul.o)
 .text._strtoul_r
                0x000000000800a5b8        0x4 C:/ST/STM32CubeIDE_1.13.0/STM32CubeIDE/plugins/com.st.stm32cube.ide.mcu.externaltools.gnu-tools-for-stm32.11.3.rel1.win32_1.1.0.202305231506/tools/bin/../lib/gcc/arm-none-eabi/11.3.1/../../../../arm-none-eabi/lib/thumb/v7-m/nofp\libc_nano.a(libc_a-strtoul.o)
                0x000000000800a5b8                _strtoul_r
 .text._malloc_usable_size_r
                0x000000000800a5bc       0x10 C:/ST/STM32CubeIDE_1.13.0/STM32CubeIDE/plugins/com.st.stm32cube.ide.mcu.externaltools.gnu-tools-for-stm32.11.3.rel1.win32_1.1.0.202305231506/tools/bin/../lib/gcc/arm-none-eabi/11.3.1/../../../../arm-none-eabi/lib/thumb/v7-m/nofp\libc_nano.a(libc_a-msizer.o)
                0x000000000800a5bc                _malloc_usable_size_r
 *(.glue_7)
 .glue_7        0x000000000800a5cc        0x0 linker stubs
 *(.glue_7t)
 .glue_7t       0x000000000800a5cc        0x0 linker stubs
 *(.eh_frame)
 .eh_frame      0x000000000800a5cc        0x0 C:/ST/STM32CubeIDE_1.13.0/STM32CubeIDE/plugins/com.st.stm32cube.ide.mcu.externaltools.gnu-tools-for-stm32.11.3.rel1.win32_1.1.0.202305231506/tools/bin/../lib/gcc/arm-none-eabi/11.3.1/thumb/v7-m/nofp/crtbegin.o
 *(.init)
 .init          0x000000000800a5cc        0x4 C:/ST/STM32CubeIDE_1.13.0/STM32CubeIDE/plugins/com.st.stm32cube.ide.mcu.externaltools.gnu-tools-for-stm32.11.3.rel1.win32_1.1.0.202305231506/tools/bin/../lib/gcc/arm-none-eabi/11.3.1/thumb/v7-m/nofp/crti.o
                0x000000000800a5cc                _init
 .init          0x000000000800a5d0        0x8 C:/ST/STM32CubeIDE_1.13.0/STM32CubeIDE/plugins/com.st.stm32cube.ide.mcu.externaltools.gnu-tools-for-stm32.11.3.rel1.win32_1.1.0.202305231506/tools/bin/../lib/gcc/arm-none-eabi/11.3.1/thumb/v7-m/nofp/crtn.o
 *(.fini)
 .fini          0x000000000800a5d8        0x4 C:/ST/STM32CubeIDE_1.13.0/STM32CubeIDE/plugins/com.st.stm32cube.ide.mcu.externaltools.gnu-tools-for-stm32.11.3.rel1.win32_1.1.0.202305231506/tools/bin/../lib/gcc/arm-none-eabi/11.3.1/thumb/v7-m/nofp/crti.o
                0x000000000800a5d8                _fini
 .fini          0x000000000800a5dc        0x8 C:/ST/STM32CubeIDE_1.13.0/STM32CubeIDE/plugins/com.st.stm32cube.ide.mcu.externaltools.gnu-tools-for-stm32.11.3.rel1.win32_1.1.0.202305231506/tools/bin/../lib/gcc/arm-none-eabi/11.3.1/thumb/v7-m/nofp/crtn.o
                0x000000000800a5e4                . = ALIGN (0x4)
                0x000000000800a5e4                _etext = .

.vfp11_veneer   0x000000000800a5e4        0x0
 .vfp11_veneer  0x000000000800a5e4        0x0 linker stubs

.v4_bx          0x000000000800a5e4        0x0
 .v4_bx         0x000000000800a5e4        0x0 linker stubs

.iplt           0x000000000800a5e4        0x0
 .iplt          0x000000000800a5e4        0x0 C:/ST/STM32CubeIDE_1.13.0/STM32CubeIDE/plugins/com.st.stm32cube.ide.mcu.externaltools.gnu-tools-for-stm32.11.3.rel1.win32_1.1.0.202305231506/tools/bin/../lib/gcc/arm-none-eabi/11.3.1/thumb/v7-m/nofp/crtbegin.o

.rodata         0x000000000800a5e4      0x3b0
                0x000000000800a5e4                . = ALIGN (0x4)
 *(.rodata)
 .rodata        0x000000000800a5e4      0x225 ./Core/Src/main.o
 *fill*         0x000000000800a809        0x3 
 .rodata        0x000000000800a80c        0xc C:/ST/STM32CubeIDE_1.13.0/STM32CubeIDE/plugins/com.st.stm32cube.ide.mcu.externaltools.gnu-tools-for-stm32.11.3.rel1.win32_1.1.0.202305231506/tools/bin/../lib/gcc/arm-none-eabi/11.3.1/../../../../arm-none-eabi/lib/thumb/v7-m/nofp\libc_nano.a(libc_a-nano-vfscanf_i.o)
 *(.rodata*)
 .rodata.AHBPrescTable
                0x000000000800a818       0x10 ./Core/Src/system_stm32f1xx.o
                0x000000000800a818                AHBPrescTable
 .rodata.APBPrescTable
                0x000000000800a828        0x8 ./Core/Src/system_stm32f1xx.o
                0x000000000800a828                APBPrescTable
 .rodata.aPLLMULFactorTable.1
                0x000000000800a830       0x10 ./Drivers/STM32F1xx_HAL_Driver/Src/stm32f1xx_hal_rcc.o
 .rodata.aPredivFactorTable.0
                0x000000000800a840        0x2 ./Drivers/STM32F1xx_HAL_Driver/Src/stm32f1xx_hal_rcc.o
 .rodata._svfprintf_r.str1.1
                0x000000000800a842       0x11 C:/ST/STM32CubeIDE_1.13.0/STM32CubeIDE/plugins/com.st.stm32cube.ide.mcu.externaltools.gnu-tools-for-stm32.11.3.rel1.win32_1.1.0.202305231506/tools/bin/../lib/gcc/arm-none-eabi/11.3.1/../../../../arm-none-eabi/lib/thumb/v7-m/nofp\libc_nano.a(libc_a-nano-svfprintf.o)
 .rodata.__ssvfscanf_r.str1.1
                0x000000000800a853        0x4 C:/ST/STM32CubeIDE_1.13.0/STM32CubeIDE/plugins/com.st.stm32cube.ide.mcu.externaltools.gnu-tools-for-stm32.11.3.rel1.win32_1.1.0.202305231506/tools/bin/../lib/gcc/arm-none-eabi/11.3.1/../../../../arm-none-eabi/lib/thumb/v7-m/nofp\libc_nano.a(libc_a-nano-svfscanf.o)
 .rodata._printf_i.str1.1
                0x000000000800a853       0x22 C:/ST/STM32CubeIDE_1.13.0/STM32CubeIDE/plugins/com.st.stm32cube.ide.mcu.externaltools.gnu-tools-for-stm32.11.3.rel1.win32_1.1.0.202305231506/tools/bin/../lib/gcc/arm-none-eabi/11.3.1/../../../../arm-none-eabi/lib/thumb/v7-m/nofp\libc_nano.a(libc_a-nano-vfprintf_i.o)
 .rodata._scanf_i.str1.1
                0x000000000800a875       0x12 C:/ST/STM32CubeIDE_1.13.0/STM32CubeIDE/plugins/com.st.stm32cube.ide.mcu.externaltools.gnu-tools-for-stm32.11.3.rel1.win32_1.1.0.202305231506/tools/bin/../lib/gcc/arm-none-eabi/11.3.1/../../../../arm-none-eabi/lib/thumb/v7-m/nofp\libc_nano.a(libc_a-nano-vfscanf_i.o)
 .rodata.str1.1
                0x000000000800a887        0x9 C:/ST/STM32CubeIDE_1.13.0/STM32CubeIDE/plugins/com.st.stm32cube.ide.mcu.externaltools.gnu-tools-for-stm32.11.3.rel1.win32_1.1.0.202305231506/tools/bin/../lib/gcc/arm-none-eabi/11.3.1/../../../../arm-none-eabi/lib/thumb/v7-m/nofp\libc_nano.a(libc_a-nano-vfscanf_i.o)
 .rodata._ctype_
                0x000000000800a890      0x101 C:/ST/STM32CubeIDE_1.13.0/STM32CubeIDE/plugins/com.st.stm32cube.ide.mcu.externaltools.gnu-tools-for-stm32.11.3.rel1.win32_1.1.0.202305231506/tools/bin/../lib/gcc/arm-none-eabi/11.3.1/../../../../arm-none-eabi/lib/thumb/v7-m/nofp\libc_nano.a(libc_a-ctype_.o)
                0x000000000800a890                _ctype_
                0x000000000800a994                . = ALIGN (0x4)
 *fill*         0x000000000800a991        0x3 

.rel.dyn        0x000000000800a994        0x0
 .rel.iplt      0x000000000800a994        0x0 C:/ST/STM32CubeIDE_1.13.0/STM32CubeIDE/plugins/com.st.stm32cube.ide.mcu.externaltools.gnu-tools-for-stm32.11.3.rel1.win32_1.1.0.202305231506/tools/bin/../lib/gcc/arm-none-eabi/11.3.1/thumb/v7-m/nofp/crtbegin.o

.ARM.extab      0x000000000800a994        0x0
                0x000000000800a994                . = ALIGN (0x4)
 *(.ARM.extab* .gnu.linkonce.armextab.*)
                0x000000000800a994                . = ALIGN (0x4)

.ARM            0x000000000800a994        0x0
                0x000000000800a994                . = ALIGN (0x4)
                0x000000000800a994                __exidx_start = .
 *(.ARM.exidx*)
                0x000000000800a994                __exidx_end = .
                0x000000000800a994                . = ALIGN (0x4)

.preinit_array  0x000000000800a994        0x0
                0x000000000800a994                . = ALIGN (0x4)
                0x000000000800a994                PROVIDE (__preinit_array_start = .)
 *(.preinit_array*)
                0x000000000800a994                PROVIDE (__preinit_array_end = .)
                0x000000000800a994                . = ALIGN (0x4)

.init_array     0x000000000800a994        0x4
                0x000000000800a994                . = ALIGN (0x4)
                0x000000000800a994                PROVIDE (__init_array_start = .)
 *(SORT_BY_NAME(.init_array.*))
 *(.init_array*)
 .init_array    0x000000000800a994        0x4 C:/ST/STM32CubeIDE_1.13.0/STM32CubeIDE/plugins/com.st.stm32cube.ide.mcu.externaltools.gnu-tools-for-stm32.11.3.rel1.win32_1.1.0.202305231506/tools/bin/../lib/gcc/arm-none-eabi/11.3.1/thumb/v7-m/nofp/crtbegin.o
                0x000000000800a998                PROVIDE (__init_array_end = .)
                0x000000000800a998                . = ALIGN (0x4)

.fini_array     0x000000000800a998        0x4
                0x000000000800a998                . = ALIGN (0x4)
                [!provide]                        PROVIDE (__fini_array_start = .)
 *(SORT_BY_NAME(.fini_array.*))
 *(.fini_array*)
 .fini_array    0x000000000800a998        0x4 C:/ST/STM32CubeIDE_1.13.0/STM32CubeIDE/plugins/com.st.stm32cube.ide.mcu.externaltools.gnu-tools-for-stm32.11.3.rel1.win32_1.1.0.202305231506/tools/bin/../lib/gcc/arm-none-eabi/11.3.1/thumb/v7-m/nofp/crtbegin.o
                [!provide]                        PROVIDE (__fini_array_end = .)
                0x000000000800a99c                . = ALIGN (0x4)
                0x000000000800a99c                _sidata = LOADADDR (.data)

.data           0x0000000020000000      0x2a4 load address 0x000000000800a99c
                0x0000000020000000                . = ALIGN (0x4)
                0x0000000020000000                _sdata = .
 *(.data)
 *(.data*)
 .data.data_SIM_RESET
                0x0000000020000000       0x14 ./Core/Src/main.o
                0x0000000020000000                data_SIM_RESET
 .data.data_SIM_TEST
                0x0000000020000014       0x14 ./Core/Src/main.o
                0x0000000020000014                data_SIM_TEST
 .data.data_SIM0
                0x0000000020000028       0x28 ./Core/Src/main.o
                0x0000000020000028                data_SIM0
 .data.data_SIM1
                0x0000000020000050       0x28 ./Core/Src/main.o
                0x0000000020000050                data_SIM1
 .data.data_SIM2
                0x0000000020000078       0x28 ./Core/Src/main.o
                0x0000000020000078                data_SIM2
 .data.data_SIM3
                0x00000000200000a0       0x28 ./Core/Src/main.o
                0x00000000200000a0                data_SIM3
 .data.data_SIM4
                0x00000000200000c8       0x46 ./Core/Src/main.o
                0x00000000200000c8                data_SIM4
 *fill*         0x000000002000010e        0x2 
 .data.data_SIM5
                0x0000000020000110       0x28 ./Core/Src/main.o
                0x0000000020000110                data_SIM5
 .data.data_SIM6
                0x0000000020000138       0x28 ./Core/Src/main.o
                0x0000000020000138                data_SIM6
 .data.data_SIM7
                0x0000000020000160       0x28 ./Core/Src/main.o
                0x0000000020000160                data_SIM7
 .data.data_SIM9
                0x0000000020000188       0x28 ./Core/Src/main.o
                0x0000000020000188                data_SIM9
 .data.data_SIM10
                0x00000000200001b0       0x28 ./Core/Src/main.o
                0x00000000200001b0                data_SIM10
 .data.data_SIM11
                0x00000000200001d8       0x28 ./Core/Src/main.o
                0x00000000200001d8                data_SIM11
 .data.cmd_OK   0x0000000020000200        0x2 ./Core/Src/main.o
                0x0000000020000200                cmd_OK
 *fill*         0x0000000020000202        0x2 
 .data.cmd_MQTT
                0x0000000020000204       0x10 ./Core/Src/main.o
                0x0000000020000204                cmd_MQTT
 .data.nguong_adc_quang_tro
                0x0000000020000214        0x4 ./Core/Src/main.o
                0x0000000020000214                nguong_adc_quang_tro
 .data.nguong_adc_do_am_dat
                0x0000000020000218        0x4 ./Core/Src/main.o
                0x0000000020000218                nguong_adc_do_am_dat
 .data.nguong_nhiet_do
                0x000000002000021c        0x4 ./Core/Src/main.o
                0x000000002000021c                nguong_nhiet_do
 .data.mode     0x0000000020000220        0x4 ./Core/Src/main.o
                0x0000000020000220                mode
 .data.flag_mode_tu_dong
                0x0000000020000224        0x4 ./Core/Src/main.o
                0x0000000020000224                flag_mode_tu_dong
 .data.debounceDelay
                0x0000000020000228        0x4 ./Core/Src/main.o
                0x0000000020000228                debounceDelay
 .data.count_state_lcd
                0x000000002000022c        0x4 ./Core/Src/main.o
                0x000000002000022c                count_state_lcd
 .data.flag_ngat_keypad
                0x0000000020000230        0x4 ./Core/Src/main.o
                0x0000000020000230                flag_ngat_keypad
 .data.flag_chuyen_lcd
                0x0000000020000234        0x4 ./Core/Src/main.o
                0x0000000020000234                flag_chuyen_lcd
 .data.mat_khau_dung
                0x0000000020000238        0x6 ./Core/Src/main.o
                0x0000000020000238                mat_khau_dung
 *fill*         0x000000002000023e        0x2 
 .data.flag_start_button
                0x0000000020000240        0x4 ./Core/Src/main.o
                0x0000000020000240                flag_start_button
 .data.state_ngat1
                0x0000000020000244        0x4 ./Core/Src/main.o
                0x0000000020000244                state_ngat1
 .data.SystemCoreClock
                0x0000000020000248        0x4 ./Core/Src/system_stm32f1xx.o
                0x0000000020000248                SystemCoreClock
 .data.uwTickPrio
                0x000000002000024c        0x4 ./Drivers/STM32F1xx_HAL_Driver/Src/stm32f1xx_hal.o
                0x000000002000024c                uwTickPrio
 .data.uwTickFreq
                0x0000000020000250        0x1 ./Drivers/STM32F1xx_HAL_Driver/Src/stm32f1xx_hal.o
                0x0000000020000250                uwTickFreq
 *fill*         0x0000000020000251        0x3 
 .data._impure_data
                0x0000000020000254       0x4c C:/ST/STM32CubeIDE_1.13.0/STM32CubeIDE/plugins/com.st.stm32cube.ide.mcu.externaltools.gnu-tools-for-stm32.11.3.rel1.win32_1.1.0.202305231506/tools/bin/../lib/gcc/arm-none-eabi/11.3.1/../../../../arm-none-eabi/lib/thumb/v7-m/nofp\libc_nano.a(libc_a-impure.o)
                0x0000000020000254                _impure_data
 .data._impure_ptr
                0x00000000200002a0        0x4 C:/ST/STM32CubeIDE_1.13.0/STM32CubeIDE/plugins/com.st.stm32cube.ide.mcu.externaltools.gnu-tools-for-stm32.11.3.rel1.win32_1.1.0.202305231506/tools/bin/../lib/gcc/arm-none-eabi/11.3.1/../../../../arm-none-eabi/lib/thumb/v7-m/nofp\libc_nano.a(libc_a-impure.o)
                0x00000000200002a0                _impure_ptr
 *(.RamFunc)
 *(.RamFunc*)
                0x00000000200002a4                . = ALIGN (0x4)
                0x00000000200002a4                _edata = .

.igot.plt       0x00000000200002a4        0x0 load address 0x000000000800ac40
 .igot.plt      0x00000000200002a4        0x0 C:/ST/STM32CubeIDE_1.13.0/STM32CubeIDE/plugins/com.st.stm32cube.ide.mcu.externaltools.gnu-tools-for-stm32.11.3.rel1.win32_1.1.0.202305231506/tools/bin/../lib/gcc/arm-none-eabi/11.3.1/thumb/v7-m/nofp/crtbegin.o
                0x00000000200002a4                . = ALIGN (0x4)

.bss            0x00000000200002a8      0xaa8 load address 0x000000000800ac40
                0x00000000200002a8                _sbss = .
                0x00000000200002a8                __bss_start__ = _sbss
 *(.bss)
 .bss           0x00000000200002a8       0x1c C:/ST/STM32CubeIDE_1.13.0/STM32CubeIDE/plugins/com.st.stm32cube.ide.mcu.externaltools.gnu-tools-for-stm32.11.3.rel1.win32_1.1.0.202305231506/tools/bin/../lib/gcc/arm-none-eabi/11.3.1/thumb/v7-m/nofp/crtbegin.o
 *(.bss*)
 .bss.hadc1     0x00000000200002c4       0x30 ./Core/Src/main.o
                0x00000000200002c4                hadc1
 .bss.hadc2     0x00000000200002f4       0x30 ./Core/Src/main.o
                0x00000000200002f4                hadc2
 .bss.hi2c1     0x0000000020000324       0x54 ./Core/Src/main.o
                0x0000000020000324                hi2c1
 .bss.htim1     0x0000000020000378       0x48 ./Core/Src/main.o
                0x0000000020000378                htim1
 .bss.htim2     0x00000000200003c0       0x48 ./Core/Src/main.o
                0x00000000200003c0                htim2
 .bss.htim3     0x0000000020000408       0x48 ./Core/Src/main.o
                0x0000000020000408                htim3
 .bss.htim4     0x0000000020000450       0x48 ./Core/Src/main.o
                0x0000000020000450                htim4
 .bss.huart1    0x0000000020000498       0x48 ./Core/Src/main.o
                0x0000000020000498                huart1
 .bss.hdma_usart1_rx
                0x00000000200004e0       0x44 ./Core/Src/main.o
                0x00000000200004e0                hdma_usart1_rx
 .bss.data_RX   0x0000000020000524      0x12c ./Core/Src/main.o
                0x0000000020000524                data_RX
 .bss.data_RX_0
                0x0000000020000650       0x3c ./Core/Src/main.o
                0x0000000020000650                data_RX_0
 .bss.data_RX_1
                0x000000002000068c       0x3c ./Core/Src/main.o
                0x000000002000068c                data_RX_1
 .bss.data_RX_2
                0x00000000200006c8       0x3c ./Core/Src/main.o
                0x00000000200006c8                data_RX_2
 .bss.data_RX_3
                0x0000000020000704       0x3c ./Core/Src/main.o
                0x0000000020000704                data_RX_3
 .bss.data_RX_4
                0x0000000020000740       0x3c ./Core/Src/main.o
                0x0000000020000740                data_RX_4
 .bss.data_RX_5
                0x000000002000077c       0x3c ./Core/Src/main.o
                0x000000002000077c                data_RX_5
 .bss.data_RX_6
                0x00000000200007b8       0x3c ./Core/Src/main.o
                0x00000000200007b8                data_RX_6
 .bss.data_RX_7
                0x00000000200007f4       0x3c ./Core/Src/main.o
                0x00000000200007f4                data_RX_7
 .bss.data_RX_8
                0x0000000020000830       0x3c ./Core/Src/main.o
                0x0000000020000830                data_RX_8
 .bss.data_RX_9
                0x000000002000086c       0x3c ./Core/Src/main.o
                0x000000002000086c                data_RX_9
 .bss.data_RX_10
                0x00000000200008a8       0x3c ./Core/Src/main.o
                0x00000000200008a8                data_RX_10
 .bss.data_RX_11
                0x00000000200008e4       0x3c ./Core/Src/main.o
                0x00000000200008e4                data_RX_11
 .bss.data_RX_12
                0x0000000020000920       0x3c ./Core/Src/main.o
                0x0000000020000920                data_RX_12
 .bss.count_test_re
                0x000000002000095c        0x4 ./Core/Src/main.o
                0x000000002000095c                count_test_re
 .bss.cout_0    0x0000000020000960        0x4 ./Core/Src/main.o
                0x0000000020000960                cout_0
 .bss.cout_1    0x0000000020000964        0x4 ./Core/Src/main.o
                0x0000000020000964                cout_1
 .bss.cout_2    0x0000000020000968        0x4 ./Core/Src/main.o
                0x0000000020000968                cout_2
 .bss.cout_3    0x000000002000096c        0x4 ./Core/Src/main.o
                0x000000002000096c                cout_3
 .bss.cout_4    0x0000000020000970        0x4 ./Core/Src/main.o
                0x0000000020000970                cout_4
 .bss.cout_5    0x0000000020000974        0x4 ./Core/Src/main.o
                0x0000000020000974                cout_5
 .bss.cout_6    0x0000000020000978        0x4 ./Core/Src/main.o
                0x0000000020000978                cout_6
 .bss.cout_7    0x000000002000097c        0x4 ./Core/Src/main.o
                0x000000002000097c                cout_7
 .bss.cout_8    0x0000000020000980        0x4 ./Core/Src/main.o
                0x0000000020000980                cout_8
 .bss.cout_9    0x0000000020000984        0x4 ./Core/Src/main.o
                0x0000000020000984                cout_9
 .bss.cout_10   0x0000000020000988        0x4 ./Core/Src/main.o
                0x0000000020000988                cout_10
 .bss.cout_11   0x000000002000098c        0x4 ./Core/Src/main.o
                0x000000002000098c                cout_11
 .bss.cout_12   0x0000000020000990        0x4 ./Core/Src/main.o
                0x0000000020000990                cout_12
 .bss.match_buf
                0x0000000020000994       0x32 ./Core/Src/main.o
                0x0000000020000994                match_buf
 *fill*         0x00000000200009c6        0x2 
 .bss.flag_pass
                0x00000000200009c8        0x4 ./Core/Src/main.o
                0x00000000200009c8                flag_pass
 .bss.flag_nhap_topic
                0x00000000200009cc        0x4 ./Core/Src/main.o
                0x00000000200009cc                flag_nhap_topic
 .bss.flag_cho_phep_gan
                0x00000000200009d0        0x4 ./Core/Src/main.o
                0x00000000200009d0                flag_cho_phep_gan
 .bss.count_flag_gan
                0x00000000200009d4        0x4 ./Core/Src/main.o
                0x00000000200009d4                count_flag_gan
 .bss.count_again_trans
                0x00000000200009d8        0x4 ./Core/Src/main.o
                0x00000000200009d8                count_again_trans
 .bss.flag_check_OK
                0x00000000200009dc        0x4 ./Core/Src/main.o
                0x00000000200009dc                flag_check_OK
 .bss.flag_check_RX_PAYLOAD
                0x00000000200009e0        0x4 ./Core/Src/main.o
                0x00000000200009e0                flag_check_RX_PAYLOAD
 .bss.flag_pass_all_RX_PAYLOAD
                0x00000000200009e4        0x4 ./Core/Src/main.o
                0x00000000200009e4                flag_pass_all_RX_PAYLOAD
 .bss.du_time_to_send_data
                0x00000000200009e8        0x4 ./Core/Src/main.o
                0x00000000200009e8                du_time_to_send_data
 .bss.led       0x00000000200009ec        0x4 ./Core/Src/main.o
                0x00000000200009ec                led
 .bss.quat      0x00000000200009f0        0x4 ./Core/Src/main.o
                0x00000000200009f0                quat
 .bss.bom       0x00000000200009f4        0x4 ./Core/Src/main.o
                0x00000000200009f4                bom
 .bss.flag_mode_bang_tay
                0x00000000200009f8        0x4 ./Core/Src/main.o
                0x00000000200009f8                flag_mode_bang_tay
 .bss.lastDebounceTime
                0x00000000200009fc        0x4 ./Core/Src/main.o
                0x00000000200009fc                lastDebounceTime
 .bss.currentTime
                0x0000000020000a00        0x4 ./Core/Src/main.o
                0x0000000020000a00                currentTime
 .bss.num1      0x0000000020000a04        0x4 ./Core/Src/main.o
                0x0000000020000a04                num1
 .bss.num2      0x0000000020000a08        0x4 ./Core/Src/main.o
                0x0000000020000a08                num2
 .bss.num3      0x0000000020000a0c        0x4 ./Core/Src/main.o
                0x0000000020000a0c                num3
 .bss.num4      0x0000000020000a10        0x4 ./Core/Src/main.o
                0x0000000020000a10                num4
 .bss.num5      0x0000000020000a14        0x4 ./Core/Src/main.o
                0x0000000020000a14                num5
 .bss.num6      0x0000000020000a18        0x4 ./Core/Src/main.o
                0x0000000020000a18                num6
 .bss.num7      0x0000000020000a1c        0x4 ./Core/Src/main.o
                0x0000000020000a1c                num7
 .bss.num8      0x0000000020000a20        0x4 ./Core/Src/main.o
                0x0000000020000a20                num8
 .bss.num9      0x0000000020000a24        0x4 ./Core/Src/main.o
                0x0000000020000a24                num9
 .bss.num0      0x0000000020000a28        0x4 ./Core/Src/main.o
                0x0000000020000a28                num0
 .bss.num_sao   0x0000000020000a2c        0x4 ./Core/Src/main.o
                0x0000000020000a2c                num_sao
 .bss.num_thang
                0x0000000020000a30        0x4 ./Core/Src/main.o
                0x0000000020000a30                num_thang
 .bss.a         0x0000000020000a34        0x4 ./Core/Src/main.o
                0x0000000020000a34                a
 .bss.b         0x0000000020000a38        0x4 ./Core/Src/main.o
                0x0000000020000a38                b
 .bss.c         0x0000000020000a3c        0x4 ./Core/Src/main.o
                0x0000000020000a3c                c
 .bss.d         0x0000000020000a40        0x4 ./Core/Src/main.o
                0x0000000020000a40                d
 .bss.tick_lan_truoc
                0x0000000020000a44        0x4 ./Core/Src/main.o
                0x0000000020000a44                tick_lan_truoc
 .bss.tick_hien_tai
                0x0000000020000a48        0x4 ./Core/Src/main.o
                0x0000000020000a48                tick_hien_tai
 .bss.thoi_gian_tick
                0x0000000020000a4c        0x4 ./Core/Src/main.o
                0x0000000020000a4c                thoi_gian_tick
 .bss.tick      0x0000000020000a50       0x64 ./Core/Src/main.o
                0x0000000020000a50                tick
 .bss.data_dht11
                0x0000000020000ab4        0x4 ./Core/Src/main.o
                0x0000000020000ab4                data_dht11
 .bss.count_tick
                0x0000000020000ab8        0x4 ./Core/Src/main.o
                0x0000000020000ab8                count_tick
 *fill*         0x0000000020000abc        0x4 
 .bss.count     0x0000000020000ac0        0x8 ./Core/Src/main.o
                0x0000000020000ac0                count
 .bss.nhiet_do  0x0000000020000ac8       0x14 ./Core/Src/main.o
                0x0000000020000ac8                nhiet_do
 .bss.do_am     0x0000000020000adc       0x14 ./Core/Src/main.o
                0x0000000020000adc                do_am
 .bss.adc_quang_tro
                0x0000000020000af0        0x4 ./Core/Src/main.o
                0x0000000020000af0                adc_quang_tro
 .bss.adc_do_am_dat
                0x0000000020000af4        0x4 ./Core/Src/main.o
                0x0000000020000af4                adc_do_am_dat
 .bss.flag_send_data
                0x0000000020000af8        0x4 ./Core/Src/main.o
                0x0000000020000af8                flag_send_data
 .bss.flag_number
                0x0000000020000afc        0x4 ./Core/Src/main.o
                0x0000000020000afc                flag_number
 .bss.flag_lan_dau_nhap_mat_khau
                0x0000000020000b00        0x4 ./Core/Src/main.o
                0x0000000020000b00                flag_lan_dau_nhap_mat_khau
 .bss.message_gui_server
                0x0000000020000b04       0x4b ./Core/Src/main.o
                0x0000000020000b04                message_gui_server
 *fill*         0x0000000020000b4f        0x1 
 .bss.mat_khau_user
                0x0000000020000b50        0x6 ./Core/Src/main.o
                0x0000000020000b50                mat_khau_user
 *fill*         0x0000000020000b56        0x2 
 .bss.count_mat_khau
                0x0000000020000b58        0x4 ./Core/Src/main.o
                0x0000000020000b58                count_mat_khau
 .bss.count_may_chu_nhap_vao
                0x0000000020000b5c        0x4 ./Core/Src/main.o
                0x0000000020000b5c                count_may_chu_nhap_vao
 .bss.flag_di_qua_nhap_mat_khau
                0x0000000020000b60        0x4 ./Core/Src/main.o
                0x0000000020000b60                flag_di_qua_nhap_mat_khau
 .bss.flag_disable_nut_nhan
                0x0000000020000b64        0x1 ./Core/Src/main.o
                0x0000000020000b64                flag_disable_nut_nhan
 *fill*         0x0000000020000b65        0x3 
 .bss.status_previous_led
                0x0000000020000b68        0x4 ./Core/Src/main.o
                0x0000000020000b68                status_previous_led
 .bss.status_previous_quat
                0x0000000020000b6c        0x4 ./Core/Src/main.o
                0x0000000020000b6c                status_previous_quat
 .bss.status_previous_bom
                0x0000000020000b70        0x4 ./Core/Src/main.o
                0x0000000020000b70                status_previous_bom
 .bss.flag_number_state1
                0x0000000020000b74        0x4 ./Core/Src/main.o
                0x0000000020000b74                flag_number_state1
 .bss.num1_state1
                0x0000000020000b78        0x4 ./Core/Src/main.o
                0x0000000020000b78                num1_state1
 .bss.num2_state1
                0x0000000020000b7c        0x4 ./Core/Src/main.o
                0x0000000020000b7c                num2_state1
 .bss.num3_state1
                0x0000000020000b80        0x4 ./Core/Src/main.o
                0x0000000020000b80                num3_state1
 .bss.led_state1
                0x0000000020000b84        0x4 ./Core/Src/main.o
                0x0000000020000b84                led_state1
 .bss.num4_state1
                0x0000000020000b88        0x4 ./Core/Src/main.o
                0x0000000020000b88                num4_state1
 .bss.num5_state1
                0x0000000020000b8c        0x4 ./Core/Src/main.o
                0x0000000020000b8c                num5_state1
 .bss.num6_state1
                0x0000000020000b90        0x4 ./Core/Src/main.o
                0x0000000020000b90                num6_state1
 .bss.num7_state1
                0x0000000020000b94        0x4 ./Core/Src/main.o
                0x0000000020000b94                num7_state1
 .bss.num8_state1
                0x0000000020000b98        0x4 ./Core/Src/main.o
                0x0000000020000b98                num8_state1
 .bss.num9_state1
                0x0000000020000b9c        0x4 ./Core/Src/main.o
                0x0000000020000b9c                num9_state1
 .bss.num0_state1
                0x0000000020000ba0        0x4 ./Core/Src/main.o
                0x0000000020000ba0                num0_state1
 .bss.quat_state1
                0x0000000020000ba4        0x4 ./Core/Src/main.o
                0x0000000020000ba4                quat_state1
 .bss.bom_state1
                0x0000000020000ba8        0x4 ./Core/Src/main.o
                0x0000000020000ba8                bom_state1
 .bss.num_sao_state1
                0x0000000020000bac        0x4 ./Core/Src/main.o
                0x0000000020000bac                num_sao_state1
 .bss.num_thang_state1
                0x0000000020000bb0        0x4 ./Core/Src/main.o
                0x0000000020000bb0                num_thang_state1
 .bss.state_ngat2
                0x0000000020000bb4        0x4 ./Core/Src/main.o
                0x0000000020000bb4                state_ngat2
 .bss.count_timer1
                0x0000000020000bb8        0x4 ./Core/Src/main.o
                0x0000000020000bb8                count_timer1
 .bss.flag_ngat_nut_nhan
                0x0000000020000bbc        0x4 ./Core/Src/main.o
                0x0000000020000bbc                flag_ngat_nut_nhan
 .bss.flag_ngat_uart
                0x0000000020000bc0        0x4 ./Core/Src/main.o
                0x0000000020000bc0                flag_ngat_uart
 .bss.flag_switch_timer3
                0x0000000020000bc4        0x4 ./Core/Src/main.o
                0x0000000020000bc4                flag_switch_timer3
 .bss.FLAG_CHECK_SEND_DATA
                0x0000000020000bc8        0x4 ./Core/Src/main.o
                0x0000000020000bc8                FLAG_CHECK_SEND_DATA
 .bss.FLAG_CHECK_SEND_DATA1
                0x0000000020000bcc        0x4 ./Core/Src/main.o
                0x0000000020000bcc                FLAG_CHECK_SEND_DATA1
 .bss.count_err
                0x0000000020000bd0        0x4 ./Core/Src/main.o
                0x0000000020000bd0                count_err
 .bss.flag_k_cho_phep_nhan
                0x0000000020000bd4        0x4 ./Core/Src/main.o
                0x0000000020000bd4                flag_k_cho_phep_nhan
 .bss.flag_pass_input
                0x0000000020000bd8        0x4 ./Core/Src/main.o
                0x0000000020000bd8                flag_pass_input
 .bss.leng      0x0000000020000bdc        0x4 ./Core/Src/main.o
                0x0000000020000bdc                leng
 .bss.leng1     0x0000000020000be0        0x4 ./Core/Src/main.o
                0x0000000020000be0                leng1
 .bss.data_avail_mqtt
                0x0000000020000be4        0x4 ./Core/Src/main.o
                0x0000000020000be4                data_avail_mqtt
 .bss.data_qtr  0x0000000020000be8       0x10 ./Core/Src/main.o
                0x0000000020000be8                data_qtr
 .bss.count_input_quang_tro
                0x0000000020000bf8        0x4 ./Core/Src/main.o
                0x0000000020000bf8                count_input_quang_tro
 .bss.count_check
                0x0000000020000bfc        0x4 ./Core/Src/main.o
                0x0000000020000bfc                count_check
 .bss.__sbrk_heap_end
                0x0000000020000c00        0x4 ./Core/Src/sysmem.o
 .bss.uwTick    0x0000000020000c04        0x4 ./Drivers/STM32F1xx_HAL_Driver/Src/stm32f1xx_hal.o
                0x0000000020000c04                uwTick
 .bss.__sf      0x0000000020000c08      0x138 C:/ST/STM32CubeIDE_1.13.0/STM32CubeIDE/plugins/com.st.stm32cube.ide.mcu.externaltools.gnu-tools-for-stm32.11.3.rel1.win32_1.1.0.202305231506/tools/bin/../lib/gcc/arm-none-eabi/11.3.1/../../../../arm-none-eabi/lib/thumb/v7-m/nofp\libc_nano.a(libc_a-findfp.o)
                0x0000000020000c08                __sf
 .bss.errno     0x0000000020000d40        0x4 C:/ST/STM32CubeIDE_1.13.0/STM32CubeIDE/plugins/com.st.stm32cube.ide.mcu.externaltools.gnu-tools-for-stm32.11.3.rel1.win32_1.1.0.202305231506/tools/bin/../lib/gcc/arm-none-eabi/11.3.1/../../../../arm-none-eabi/lib/thumb/v7-m/nofp\libc_nano.a(libc_a-reent.o)
                0x0000000020000d40                errno
 .bss.__lock___malloc_recursive_mutex
                0x0000000020000d44        0x1 C:/ST/STM32CubeIDE_1.13.0/STM32CubeIDE/plugins/com.st.stm32cube.ide.mcu.externaltools.gnu-tools-for-stm32.11.3.rel1.win32_1.1.0.202305231506/tools/bin/../lib/gcc/arm-none-eabi/11.3.1/../../../../arm-none-eabi/lib/thumb/v7-m/nofp\libc_nano.a(libc_a-lock.o)
                0x0000000020000d44                __lock___malloc_recursive_mutex
 *fill*         0x0000000020000d45        0x3 
 .bss.__malloc_free_list
                0x0000000020000d48        0x4 C:/ST/STM32CubeIDE_1.13.0/STM32CubeIDE/plugins/com.st.stm32cube.ide.mcu.externaltools.gnu-tools-for-stm32.11.3.rel1.win32_1.1.0.202305231506/tools/bin/../lib/gcc/arm-none-eabi/11.3.1/../../../../arm-none-eabi/lib/thumb/v7-m/nofp\libc_nano.a(libc_a-mallocr.o)
                0x0000000020000d48                __malloc_free_list
 .bss.__malloc_sbrk_start
                0x0000000020000d4c        0x4 C:/ST/STM32CubeIDE_1.13.0/STM32CubeIDE/plugins/com.st.stm32cube.ide.mcu.externaltools.gnu-tools-for-stm32.11.3.rel1.win32_1.1.0.202305231506/tools/bin/../lib/gcc/arm-none-eabi/11.3.1/../../../../arm-none-eabi/lib/thumb/v7-m/nofp\libc_nano.a(libc_a-mallocr.o)
                0x0000000020000d4c                __malloc_sbrk_start
 *(COMMON)
                0x0000000020000d50                . = ALIGN (0x4)
                0x0000000020000d50                _ebss = .
                0x0000000020000d50                __bss_end__ = _ebss

._user_heap_stack
                0x0000000020000d50      0xe00 load address 0x000000000800ac40
                0x0000000020000d50                . = ALIGN (0x8)
                [!provide]                        PROVIDE (end = .)
                0x0000000020000d50                PROVIDE (_end = .)
                0x0000000020000f50                . = (. + _Min_Heap_Size)
 *fill*         0x0000000020000d50      0x200 
                0x0000000020001b50                . = (. + _Min_Stack_Size)
 *fill*         0x0000000020000f50      0xc00 
                0x0000000020001b50                . = ALIGN (0x8)

/DISCARD/
 libc.a(*)
 libm.a(*)
 libgcc.a(*)

.ARM.attributes
                0x0000000000000000       0x29
 *(.ARM.attributes)
 .ARM.attributes
                0x0000000000000000       0x1d C:/ST/STM32CubeIDE_1.13.0/STM32CubeIDE/plugins/com.st.stm32cube.ide.mcu.externaltools.gnu-tools-for-stm32.11.3.rel1.win32_1.1.0.202305231506/tools/bin/../lib/gcc/arm-none-eabi/11.3.1/thumb/v7-m/nofp/crti.o
 .ARM.attributes
                0x000000000000001d       0x2d C:/ST/STM32CubeIDE_1.13.0/STM32CubeIDE/plugins/com.st.stm32cube.ide.mcu.externaltools.gnu-tools-for-stm32.11.3.rel1.win32_1.1.0.202305231506/tools/bin/../lib/gcc/arm-none-eabi/11.3.1/thumb/v7-m/nofp/crtbegin.o
 .ARM.attributes
                0x000000000000004a       0x2d ./Core/Src/main.o
 .ARM.attributes
                0x0000000000000077       0x2d ./Core/Src/stm32f1xx_hal_msp.o
 .ARM.attributes
                0x00000000000000a4       0x2d ./Core/Src/stm32f1xx_it.o
 .ARM.attributes
                0x00000000000000d1       0x2d ./Core/Src/sysmem.o
 .ARM.attributes
                0x00000000000000fe       0x2d ./Core/Src/system_stm32f1xx.o
 .ARM.attributes
                0x000000000000012b       0x21 ./Core/Startup/startup_stm32f103c8tx.o
 .ARM.attributes
                0x000000000000014c       0x2d ./Drivers/STM32F1xx_HAL_Driver/Src/stm32f1xx_hal.o
 .ARM.attributes
                0x0000000000000179       0x2d ./Drivers/STM32F1xx_HAL_Driver/Src/stm32f1xx_hal_adc.o
 .ARM.attributes
                0x00000000000001a6       0x2d ./Drivers/STM32F1xx_HAL_Driver/Src/stm32f1xx_hal_adc_ex.o
 .ARM.attributes
                0x00000000000001d3       0x2d ./Drivers/STM32F1xx_HAL_Driver/Src/stm32f1xx_hal_cortex.o
 .ARM.attributes
                0x0000000000000200       0x2d ./Drivers/STM32F1xx_HAL_Driver/Src/stm32f1xx_hal_dma.o
 .ARM.attributes
                0x000000000000022d       0x2d ./Drivers/STM32F1xx_HAL_Driver/Src/stm32f1xx_hal_gpio.o
 .ARM.attributes
                0x000000000000025a       0x2d ./Drivers/STM32F1xx_HAL_Driver/Src/stm32f1xx_hal_i2c.o
 .ARM.attributes
                0x0000000000000287       0x2d ./Drivers/STM32F1xx_HAL_Driver/Src/stm32f1xx_hal_rcc.o
 .ARM.attributes
                0x00000000000002b4       0x2d ./Drivers/STM32F1xx_HAL_Driver/Src/stm32f1xx_hal_rcc_ex.o
 .ARM.attributes
                0x00000000000002e1       0x2d ./Drivers/STM32F1xx_HAL_Driver/Src/stm32f1xx_hal_tim.o
 .ARM.attributes
                0x000000000000030e       0x2d ./Drivers/STM32F1xx_HAL_Driver/Src/stm32f1xx_hal_tim_ex.o
 .ARM.attributes
                0x000000000000033b       0x2d ./Drivers/STM32F1xx_HAL_Driver/Src/stm32f1xx_hal_uart.o
 .ARM.attributes
                0x0000000000000368       0x2d ./LCD/Src/LCD.o
 .ARM.attributes
                0x0000000000000395       0x2d C:/ST/STM32CubeIDE_1.13.0/STM32CubeIDE/plugins/com.st.stm32cube.ide.mcu.externaltools.gnu-tools-for-stm32.11.3.rel1.win32_1.1.0.202305231506/tools/bin/../lib/gcc/arm-none-eabi/11.3.1/../../../../arm-none-eabi/lib/thumb/v7-m/nofp\libc_nano.a(libc_a-findfp.o)
 .ARM.attributes
                0x00000000000003c2       0x2d C:/ST/STM32CubeIDE_1.13.0/STM32CubeIDE/plugins/com.st.stm32cube.ide.mcu.externaltools.gnu-tools-for-stm32.11.3.rel1.win32_1.1.0.202305231506/tools/bin/../lib/gcc/arm-none-eabi/11.3.1/../../../../arm-none-eabi/lib/thumb/v7-m/nofp\libc_nano.a(libc_a-sprintf.o)
 .ARM.attributes
                0x00000000000003ef       0x2d C:/ST/STM32CubeIDE_1.13.0/STM32CubeIDE/plugins/com.st.stm32cube.ide.mcu.externaltools.gnu-tools-for-stm32.11.3.rel1.win32_1.1.0.202305231506/tools/bin/../lib/gcc/arm-none-eabi/11.3.1/../../../../arm-none-eabi/lib/thumb/v7-m/nofp\libc_nano.a(libc_a-sscanf.o)
 .ARM.attributes
                0x000000000000041c       0x2d C:/ST/STM32CubeIDE_1.13.0/STM32CubeIDE/plugins/com.st.stm32cube.ide.mcu.externaltools.gnu-tools-for-stm32.11.3.rel1.win32_1.1.0.202305231506/tools/bin/../lib/gcc/arm-none-eabi/11.3.1/../../../../arm-none-eabi/lib/thumb/v7-m/nofp\libc_nano.a(libc_a-stdio.o)
 .ARM.attributes
                0x0000000000000449       0x2d C:/ST/STM32CubeIDE_1.13.0/STM32CubeIDE/plugins/com.st.stm32cube.ide.mcu.externaltools.gnu-tools-for-stm32.11.3.rel1.win32_1.1.0.202305231506/tools/bin/../lib/gcc/arm-none-eabi/11.3.1/../../../../arm-none-eabi/lib/thumb/v7-m/nofp\libc_nano.a(libc_a-memset.o)
 .ARM.attributes
                0x0000000000000476       0x2d C:/ST/STM32CubeIDE_1.13.0/STM32CubeIDE/plugins/com.st.stm32cube.ide.mcu.externaltools.gnu-tools-for-stm32.11.3.rel1.win32_1.1.0.202305231506/tools/bin/../lib/gcc/arm-none-eabi/11.3.1/../../../../arm-none-eabi/lib/thumb/v7-m/nofp\libc_nano.a(libc_a-reent.o)
 .ARM.attributes
                0x00000000000004a3       0x2d C:/ST/STM32CubeIDE_1.13.0/STM32CubeIDE/plugins/com.st.stm32cube.ide.mcu.externaltools.gnu-tools-for-stm32.11.3.rel1.win32_1.1.0.202305231506/tools/bin/../lib/gcc/arm-none-eabi/11.3.1/../../../../arm-none-eabi/lib/thumb/v7-m/nofp\libc_nano.a(libc_a-impure.o)
 .ARM.attributes
                0x00000000000004d0       0x2d C:/ST/STM32CubeIDE_1.13.0/STM32CubeIDE/plugins/com.st.stm32cube.ide.mcu.externaltools.gnu-tools-for-stm32.11.3.rel1.win32_1.1.0.202305231506/tools/bin/../lib/gcc/arm-none-eabi/11.3.1/../../../../arm-none-eabi/lib/thumb/v7-m/nofp\libc_nano.a(libc_a-errno.o)
 .ARM.attributes
                0x00000000000004fd       0x2d C:/ST/STM32CubeIDE_1.13.0/STM32CubeIDE/plugins/com.st.stm32cube.ide.mcu.externaltools.gnu-tools-for-stm32.11.3.rel1.win32_1.1.0.202305231506/tools/bin/../lib/gcc/arm-none-eabi/11.3.1/../../../../arm-none-eabi/lib/thumb/v7-m/nofp\libc_nano.a(libc_a-init.o)
 .ARM.attributes
                0x000000000000052a       0x2d C:/ST/STM32CubeIDE_1.13.0/STM32CubeIDE/plugins/com.st.stm32cube.ide.mcu.externaltools.gnu-tools-for-stm32.11.3.rel1.win32_1.1.0.202305231506/tools/bin/../lib/gcc/arm-none-eabi/11.3.1/../../../../arm-none-eabi/lib/thumb/v7-m/nofp\libc_nano.a(libc_a-lock.o)
 .ARM.attributes
                0x0000000000000557       0x1b C:/ST/STM32CubeIDE_1.13.0/STM32CubeIDE/plugins/com.st.stm32cube.ide.mcu.externaltools.gnu-tools-for-stm32.11.3.rel1.win32_1.1.0.202305231506/tools/bin/../lib/gcc/arm-none-eabi/11.3.1/../../../../arm-none-eabi/lib/thumb/v7-m/nofp\libc_nano.a(libc_a-strcmp.o)
 .ARM.attributes
                0x0000000000000572       0x17 C:/ST/STM32CubeIDE_1.13.0/STM32CubeIDE/plugins/com.st.stm32cube.ide.mcu.externaltools.gnu-tools-for-stm32.11.3.rel1.win32_1.1.0.202305231506/tools/bin/../lib/gcc/arm-none-eabi/11.3.1/../../../../arm-none-eabi/lib/thumb/v7-m/nofp\libc_nano.a(libc_a-strlen.o)
 .ARM.attributes
                0x0000000000000589       0x2d C:/ST/STM32CubeIDE_1.13.0/STM32CubeIDE/plugins/com.st.stm32cube.ide.mcu.externaltools.gnu-tools-for-stm32.11.3.rel1.win32_1.1.0.202305231506/tools/bin/../lib/gcc/arm-none-eabi/11.3.1/../../../../arm-none-eabi/lib/thumb/v7-m/nofp\libc_nano.a(libc_a-freer.o)
 .ARM.attributes
                0x00000000000005b6       0x2d C:/ST/STM32CubeIDE_1.13.0/STM32CubeIDE/plugins/com.st.stm32cube.ide.mcu.externaltools.gnu-tools-for-stm32.11.3.rel1.win32_1.1.0.202305231506/tools/bin/../lib/gcc/arm-none-eabi/11.3.1/../../../../arm-none-eabi/lib/thumb/v7-m/nofp\libc_nano.a(libc_a-mallocr.o)
 .ARM.attributes
                0x00000000000005e3       0x2d C:/ST/STM32CubeIDE_1.13.0/STM32CubeIDE/plugins/com.st.stm32cube.ide.mcu.externaltools.gnu-tools-for-stm32.11.3.rel1.win32_1.1.0.202305231506/tools/bin/../lib/gcc/arm-none-eabi/11.3.1/../../../../arm-none-eabi/lib/thumb/v7-m/nofp\libc_nano.a(libc_a-mlock.o)
 .ARM.attributes
                0x0000000000000610       0x2d C:/ST/STM32CubeIDE_1.13.0/STM32CubeIDE/plugins/com.st.stm32cube.ide.mcu.externaltools.gnu-tools-for-stm32.11.3.rel1.win32_1.1.0.202305231506/tools/bin/../lib/gcc/arm-none-eabi/11.3.1/../../../../arm-none-eabi/lib/thumb/v7-m/nofp\libc_nano.a(libc_a-nano-svfprintf.o)
 .ARM.attributes
                0x000000000000063d       0x2d C:/ST/STM32CubeIDE_1.13.0/STM32CubeIDE/plugins/com.st.stm32cube.ide.mcu.externaltools.gnu-tools-for-stm32.11.3.rel1.win32_1.1.0.202305231506/tools/bin/../lib/gcc/arm-none-eabi/11.3.1/../../../../arm-none-eabi/lib/thumb/v7-m/nofp\libc_nano.a(libc_a-nano-svfscanf.o)
 .ARM.attributes
                0x000000000000066a       0x2d C:/ST/STM32CubeIDE_1.13.0/STM32CubeIDE/plugins/com.st.stm32cube.ide.mcu.externaltools.gnu-tools-for-stm32.11.3.rel1.win32_1.1.0.202305231506/tools/bin/../lib/gcc/arm-none-eabi/11.3.1/../../../../arm-none-eabi/lib/thumb/v7-m/nofp\libc_nano.a(libc_a-nano-vfprintf_i.o)
 .ARM.attributes
                0x0000000000000697       0x2d C:/ST/STM32CubeIDE_1.13.0/STM32CubeIDE/plugins/com.st.stm32cube.ide.mcu.externaltools.gnu-tools-for-stm32.11.3.rel1.win32_1.1.0.202305231506/tools/bin/../lib/gcc/arm-none-eabi/11.3.1/../../../../arm-none-eabi/lib/thumb/v7-m/nofp\libc_nano.a(libc_a-nano-vfscanf_i.o)
 .ARM.attributes